[en.wikibooks.org/wiki/X86_Assembly/Floating_Point.html]
[backblue.gif]
[fade.gif]
[index.html]
[en.wikibooks.org/wiki/X86_Assembly/skins.vector.2.delayed]
[en.wikibooks.org/wiki/X86_Assembly/auth.wikimedia.3.delayed]
[en.wikibooks.org/wiki/X86_Assembly/X86_Architecture.html]
[en.wikibooks.org/wiki/X86_Assembly/Data_Transfer.html]
[en.wikibooks.org/wiki/X86_Assembly/Control_Flow.html]
[en.wikibooks.org/wiki/X86_Assembly/Arithmetic.html]
[en.wikibooks.org/wiki/X86_Assembly/Logic.html]
[en.wikibooks.org/wiki/X86_Assembly/Shift_and_Rotate.html]
[en.wikibooks.org/wiki/X86_Assembly/Other_Instructions.html]
[en.wikibooks.org/wiki/X86_Assembly/High-Level_Languages.html]
[en.wikibooks.org/wiki/X86_Assembly/Floating_Point.html]
[en.wikibooks.org/wiki/X86_Assembly/NASM_Syntax.html]
[en.wikibooks.org/wiki/X86_Assembly/skins.vector.html]
[en.wikibooks.org/wiki/X86_Assembly/auth.wikimedia.html]
[upload.wikimedia.org/wikipedia/commons/thumb/8/80/Wikipedia-logo-v2.svg/40px-Wikipedia-logo-v2.svg.png]
[en.wikibooks.org/wiki/X86_Assembly/16,_32,_and_64_Bits.html]
[en.wikibooks.org/wiki/X86_Assembly/mw-data_TemplateStyles_r4271507.10.delayed]
[en.wikibooks.org/wiki/X86_Assembly/SSE.html]
[en.wikibooks.org/wiki/X86_Assembly/X86_Architecture.html]
[en.wikibooks.org/wiki/X86_Assembly/16_32_and_64_Bits.html]
[en.wikibooks.org/wiki/X86_Assembly/GAS_Syntax.html]
[en.wikibooks.org/wiki/X86_Assembly/MASM_Syntax.html]
[upload.wikimedia.org/wikipedia/commons/thumb/1/15/Bombilla_amarilla_-_yellow_Edison_lamp.svg/40px-Bombilla_amarilla_-_yellow_Edison_lamp.svg.png]
[en.wikibooks.org/wiki/X86_Assembly/Data_Transfer.html]
[en.wikibooks.org/wiki/X86_Assembly/Control_Flow.html]
[en.wikibooks.org/wiki/X86_Assembly/Arithmetic.html]
[en.wikibooks.org/wiki/X86_Assembly/Logic.html]
[en.wikibooks.org/wiki/X86_Assembly/Shift_and_Rotate.html]
[en.wikibooks.org/wiki/X86_Assembly/Other_Instructions.html]
[upload.wikimedia.org/wikipedia/commons/thumb/1/1d/Information_icon4.svg/40px-Information_icon4.svg.png]
[en.wikibooks.org/wiki/X86_Assembly/High-Level_Languages.html]
[en.wikibooks.org/wiki/X86_Assembly/NASM_Syntax.html]
[en.wikibooks.org/wiki/X86_Assembly/16,_32,_and_64_Bits.html]
[en.wikibooks.org/wiki/X86_Assembly/mw-data_TemplateStyles_r4271507.html]
[en.wikibooks.org/wiki/X86_Assembly/MMX.html]
[en.wikibooks.org/wiki/X86_Assembly/SSE.html]
[en.wikibooks.org/wiki/X86_Assembly/16_32_and_64_Bits.html]
[en.wikibooks.org/wiki/X86_Assembly/Resources.html]
[en.wikibooks.org/wiki/X86_Assembly/GNU_assembly_syntax.html]
[en.wikibooks.org/wiki/X86_Assembly/GAS_Syntax.html]
[en.wikibooks.org/wiki/X86_Assembly/MASM_Syntax.html]
[en.wikibooks.org/wiki/X86_Assembly/MMX.html]
[en.wikibooks.org/wiki/X86_Assembly/FASM_Syntax.html]
[upload.wikimedia.org/wikipedia/commons/thumb/c/c2/50%.svg/9px-50%.svg.png]
[upload.wikimedia.org/wikipedia/commons/thumb/3/34/25%.svg/9px-25%.svg.png]
[upload.wikimedia.org/wikipedia/commons/thumb/d/d6/00%.svg/9px-00%.svg.png]
[en.wikibooks.org/wiki/X86_Assembly/Resources.html]
[en.wikibooks.org/wiki/X86_Assembly/GNU_assembly_syntax.html]
[upload.wikimedia.org/wikipedia/commons/thumb/4/4c/Emblem-important.svg/40px-Emblem-important.svg.png]
[en.wikibooks.org/wiki/X86_Assembly/FASM_Syntax.html]
