[backblue.gif]
[fade.gif]
[index.html]
[www.felixcloutier.com/x86/aaa.html]
[www.felixcloutier.com/x86/aad.html]
[www.felixcloutier.com/x86/aam.html]
[www.felixcloutier.com/x86/aas.html]
[www.felixcloutier.com/x86/adc.html]
[www.felixcloutier.com/x86/adcx.html]
[www.felixcloutier.com/x86/add.html]
[www.felixcloutier.com/x86/addpd.html]
[www.felixcloutier.com/x86/addps.html]
[www.felixcloutier.com/x86/addsd.html]
[www.felixcloutier.com/x86/addss.html]
[www.felixcloutier.com/x86/addsubpd.html]
[www.felixcloutier.com/x86/addsubps.html]
[www.felixcloutier.com/x86/adox.html]
[www.felixcloutier.com/x86/aesdec.html]
[www.felixcloutier.com/x86/aesdec128kl.html]
[www.felixcloutier.com/x86/aesdec256kl.html]
[www.felixcloutier.com/x86/aesdeclast.html]
[www.felixcloutier.com/x86/aesdecwide128kl.html]
[www.felixcloutier.com/x86/aesdecwide256kl.html]
[www.felixcloutier.com/x86/aesenc.html]
[www.felixcloutier.com/x86/aesenc128kl.html]
[www.felixcloutier.com/x86/aesenc256kl.html]
[www.felixcloutier.com/x86/aesenclast.html]
[www.felixcloutier.com/x86/aesencwide128kl.html]
[www.felixcloutier.com/x86/aesencwide256kl.html]
[www.felixcloutier.com/x86/aesimc.html]
[www.felixcloutier.com/x86/aeskeygenassist.html]
[www.felixcloutier.com/x86/and.html]
[www.felixcloutier.com/x86/andn.html]
[www.felixcloutier.com/x86/andnpd.html]
[www.felixcloutier.com/x86/andnps.html]
[www.felixcloutier.com/x86/andpd.html]
[www.felixcloutier.com/x86/andps.html]
[www.felixcloutier.com/x86/arpl.html]
[www.felixcloutier.com/x86/bextr.html]
[www.felixcloutier.com/x86/blendpd.html]
[www.felixcloutier.com/x86/blendps.html]
[www.felixcloutier.com/x86/blendvpd.html]
[www.felixcloutier.com/x86/blendvps.html]
[www.felixcloutier.com/x86/blsi.html]
[www.felixcloutier.com/x86/blsmsk.html]
[www.felixcloutier.com/x86/blsr.html]
[www.felixcloutier.com/x86/bndcl.html]
[www.felixcloutier.com/x86/bndcu_bndcn.html]
[www.felixcloutier.com/x86/bndldx.html]
[www.felixcloutier.com/x86/bndmk.html]
[www.felixcloutier.com/x86/bndmov.html]
[www.felixcloutier.com/x86/bndstx.html]
[www.felixcloutier.com/x86/bound.html]
[www.felixcloutier.com/x86/bsf.html]
[www.felixcloutier.com/x86/bsr.html]
[www.felixcloutier.com/x86/bswap.html]
[www.felixcloutier.com/x86/bt.html]
[www.felixcloutier.com/x86/btc.html]
[www.felixcloutier.com/x86/btr.html]
[www.felixcloutier.com/x86/bts.html]
[www.felixcloutier.com/x86/bzhi.html]
[www.felixcloutier.com/x86/call.html]
[www.felixcloutier.com/x86/cbw_cwde_cdqe.html]
[www.felixcloutier.com/x86/cwd_cdq_cqo.html]
[www.felixcloutier.com/x86/clac.html]
[www.felixcloutier.com/x86/clc.html]
[www.felixcloutier.com/x86/cld.html]
[www.felixcloutier.com/x86/cldemote.html]
[www.felixcloutier.com/x86/clflush.html]
[www.felixcloutier.com/x86/clflushopt.html]
[www.felixcloutier.com/x86/cli.html]
[www.felixcloutier.com/x86/clrssbsy.html]
[www.felixcloutier.com/x86/clts.html]
[www.felixcloutier.com/x86/clui.html]
[www.felixcloutier.com/x86/clwb.html]
[www.felixcloutier.com/x86/cmc.html]
[www.felixcloutier.com/x86/cmovcc.html]
[www.felixcloutier.com/x86/cmp.html]
[www.felixcloutier.com/x86/cmppd.html]
[www.felixcloutier.com/x86/cmpps.html]
[www.felixcloutier.com/x86/cmps_cmpsb_cmpsw_cmpsd_cmpsq.html]
[www.felixcloutier.com/x86/cmpsd.html]
[www.felixcloutier.com/x86/cmpss.html]
[www.felixcloutier.com/x86/cmpxchg.html]
[www.felixcloutier.com/x86/cmpxchg8b_cmpxchg16b.html]
[www.felixcloutier.com/x86/comisd.html]
[www.felixcloutier.com/x86/comiss.html]
[www.felixcloutier.com/x86/cpuid.html]
[www.felixcloutier.com/x86/crc32.html]
[www.felixcloutier.com/x86/cvtdq2pd.html]
[www.felixcloutier.com/x86/cvtdq2ps.html]
[www.felixcloutier.com/x86/cvtpd2dq.html]
[www.felixcloutier.com/x86/cvtpd2pi.html]
[www.felixcloutier.com/x86/cvtpd2ps.html]
[www.felixcloutier.com/x86/cvtpi2pd.html]
[www.felixcloutier.com/x86/cvtpi2ps.html]
[www.felixcloutier.com/x86/cvtps2dq.html]
[www.felixcloutier.com/x86/cvtps2pd.html]
[www.felixcloutier.com/x86/cvtps2pi.html]
[www.felixcloutier.com/x86/cvtsd2si.html]
[www.felixcloutier.com/x86/cvtsd2ss.html]
[www.felixcloutier.com/x86/cvtsi2sd.html]
[www.felixcloutier.com/x86/cvtsi2ss.html]
[www.felixcloutier.com/x86/cvtss2sd.html]
[www.felixcloutier.com/x86/cvtss2si.html]
[www.felixcloutier.com/x86/cvttpd2dq.html]
[www.felixcloutier.com/x86/cvttpd2pi.html]
[www.felixcloutier.com/x86/cvttps2dq.html]
[www.felixcloutier.com/x86/cvttps2pi.html]
[www.felixcloutier.com/x86/cvttsd2si.html]
[www.felixcloutier.com/x86/cvttss2si.html]
[www.felixcloutier.com/x86/daa.html]
[www.felixcloutier.com/x86/das.html]
[www.felixcloutier.com/x86/dec.html]
[www.felixcloutier.com/x86/div.html]
[www.felixcloutier.com/x86/divpd.html]
[www.felixcloutier.com/x86/divps.html]
[www.felixcloutier.com/x86/divsd.html]
[www.felixcloutier.com/x86/divss.html]
[www.felixcloutier.com/x86/dppd.html]
[www.felixcloutier.com/x86/dpps.html]
[www.felixcloutier.com/x86/emms.html]
[www.felixcloutier.com/x86/encodekey128.html]
[www.felixcloutier.com/x86/encodekey256.html]
[www.felixcloutier.com/x86/endbr32.html]
[www.felixcloutier.com/x86/endbr64.html]
[www.felixcloutier.com/x86/enqcmd.html]
[www.felixcloutier.com/x86/enqcmds.html]
[www.felixcloutier.com/x86/enter.html]
[www.felixcloutier.com/x86/extractps.html]
[www.felixcloutier.com/x86/f2xm1.html]
[www.felixcloutier.com/x86/fabs.html]
[www.felixcloutier.com/x86/fadd_faddp_fiadd.html]
[www.felixcloutier.com/x86/fbld.html]
[www.felixcloutier.com/x86/fbstp.html]
[www.felixcloutier.com/x86/fchs.html]
[www.felixcloutier.com/x86/fclex_fnclex.html]
[www.felixcloutier.com/x86/fcmovcc.html]
[www.felixcloutier.com/x86/fcom_fcomp_fcompp.html]
[www.felixcloutier.com/x86/fcomi_fcomip_fucomi_fucomip.html]
[www.felixcloutier.com/x86/fcos.html]
[www.felixcloutier.com/x86/fdecstp.html]
[www.felixcloutier.com/x86/fdiv_fdivp_fidiv.html]
[www.felixcloutier.com/x86/fdivr_fdivrp_fidivr.html]
[www.felixcloutier.com/x86/ffree.html]
[www.felixcloutier.com/x86/ficom_ficomp.html]
[www.felixcloutier.com/x86/fild.html]
[www.felixcloutier.com/x86/fmul_fmulp_fimul.html]
[www.felixcloutier.com/x86/fincstp.html]
[www.felixcloutier.com/x86/finit_fninit.html]
[www.felixcloutier.com/x86/fist_fistp.html]
[www.felixcloutier.com/x86/fisttp.html]
[www.felixcloutier.com/x86/fsub_fsubp_fisub.html]
[www.felixcloutier.com/x86/fsubr_fsubrp_fisubr.html]
[www.felixcloutier.com/x86/fld.html]
[www.felixcloutier.com/x86/fld1_fldl2t_fldl2e_fldpi_fldlg2_fldln2_fldz.html]
[www.felixcloutier.com/x86/fldcw.html]
[www.felixcloutier.com/x86/fldenv.html]
[www.felixcloutier.com/x86/fnop.html]
[www.felixcloutier.com/x86/fsave_fnsave.html]
[www.felixcloutier.com/x86/fstcw_fnstcw.html]
[www.felixcloutier.com/x86/fstenv_fnstenv.html]
[www.felixcloutier.com/x86/fstsw_fnstsw.html]
[www.felixcloutier.com/x86/fpatan.html]
[www.felixcloutier.com/x86/fprem.html]
[www.felixcloutier.com/x86/fprem1.html]
[www.felixcloutier.com/x86/fptan.html]
[www.felixcloutier.com/x86/frndint.html]
[www.felixcloutier.com/x86/frstor.html]
[www.felixcloutier.com/x86/fscale.html]
[www.felixcloutier.com/x86/fsin.html]
[www.felixcloutier.com/x86/fsincos.html]
[www.felixcloutier.com/x86/fsqrt.html]
[www.felixcloutier.com/x86/fst_fstp.html]
[www.felixcloutier.com/x86/ftst.html]
[www.felixcloutier.com/x86/fucom_fucomp_fucompp.html]
[www.felixcloutier.com/x86/wait_fwait.html]
[www.felixcloutier.com/x86/fxam.html]
[www.felixcloutier.com/x86/fxch.html]
[www.felixcloutier.com/x86/fxrstor.html]
[www.felixcloutier.com/x86/fxsave.html]
[www.felixcloutier.com/x86/fxtract.html]
[www.felixcloutier.com/x86/fyl2x.html]
[www.felixcloutier.com/x86/fyl2xp1.html]
[www.felixcloutier.com/x86/gf2p8affineinvqb.html]
[www.felixcloutier.com/x86/gf2p8affineqb.html]
[www.felixcloutier.com/x86/gf2p8mulb.html]
[www.felixcloutier.com/x86/haddpd.html]
[www.felixcloutier.com/x86/haddps.html]
[www.felixcloutier.com/x86/hlt.html]
[www.felixcloutier.com/x86/hreset.html]
[www.felixcloutier.com/x86/hsubpd.html]
[www.felixcloutier.com/x86/hsubps.html]
[www.felixcloutier.com/x86/idiv.html]
[www.felixcloutier.com/x86/imul.html]
[www.felixcloutier.com/x86/in.html]
[www.felixcloutier.com/x86/inc.html]
[www.felixcloutier.com/x86/incsspd_incsspq.html]
[www.felixcloutier.com/x86/ins_insb_insw_insd.html]
[www.felixcloutier.com/x86/insertps.html]
[www.felixcloutier.com/x86/intn_into_int3_int1.html]
[www.felixcloutier.com/x86/invd.html]
[www.felixcloutier.com/x86/invlpg.html]
[www.felixcloutier.com/x86/invpcid.html]
[www.felixcloutier.com/x86/iret_iretd_iretq.html]
[www.felixcloutier.com/x86/jmp.html]
[www.felixcloutier.com/x86/jcc.html]
[www.felixcloutier.com/x86/kaddw_kaddb_kaddq_kaddd.html]
[www.felixcloutier.com/x86/kandw_kandb_kandq_kandd.html]
[www.felixcloutier.com/x86/kandnw_kandnb_kandnq_kandnd.html]
[www.felixcloutier.com/x86/kmovw_kmovb_kmovq_kmovd.html]
[www.felixcloutier.com/x86/knotw_knotb_knotq_knotd.html]
[www.felixcloutier.com/x86/korw_korb_korq_kord.html]
[www.felixcloutier.com/x86/kortestw_kortestb_kortestq_kortestd.html]
[www.felixcloutier.com/x86/kshiftlw_kshiftlb_kshiftlq_kshiftld.html]
[www.felixcloutier.com/x86/kshiftrw_kshiftrb_kshiftrq_kshiftrd.html]
[www.felixcloutier.com/x86/ktestw_ktestb_ktestq_ktestd.html]
[www.felixcloutier.com/x86/kunpckbw_kunpckwd_kunpckdq.html]
[www.felixcloutier.com/x86/kxnorw_kxnorb_kxnorq_kxnord.html]
[www.felixcloutier.com/x86/kxorw_kxorb_kxorq_kxord.html]
[www.felixcloutier.com/x86/lahf.html]
[www.felixcloutier.com/x86/lar.html]
[www.felixcloutier.com/x86/lddqu.html]
[www.felixcloutier.com/x86/ldmxcsr.html]
[www.felixcloutier.com/x86/lds_les_lfs_lgs_lss.html]
[www.felixcloutier.com/x86/ldtilecfg.html]
[www.felixcloutier.com/x86/lea.html]
[www.felixcloutier.com/x86/leave.html]
[www.felixcloutier.com/x86/lfence.html]
[www.felixcloutier.com/x86/lgdt_lidt.html]
[www.felixcloutier.com/x86/lldt.html]
[www.felixcloutier.com/x86/lmsw.html]
[www.felixcloutier.com/x86/loadiwkey.html]
[www.felixcloutier.com/x86/lock.html]
[www.felixcloutier.com/x86/lods_lodsb_lodsw_lodsd_lodsq.html]
[www.felixcloutier.com/x86/loop_loopcc.html]
[www.felixcloutier.com/x86/lsl.html]
[www.felixcloutier.com/x86/ltr.html]
[www.felixcloutier.com/x86/lzcnt.html]
[www.felixcloutier.com/x86/maskmovdqu.html]
[www.felixcloutier.com/x86/maskmovq.html]
[www.felixcloutier.com/x86/maxpd.html]
[www.felixcloutier.com/x86/maxps.html]
[www.felixcloutier.com/x86/maxsd.html]
[www.felixcloutier.com/x86/maxss.html]
[www.felixcloutier.com/x86/mfence.html]
[www.felixcloutier.com/x86/minpd.html]
[www.felixcloutier.com/x86/minps.html]
[www.felixcloutier.com/x86/minsd.html]
[www.felixcloutier.com/x86/minss.html]
[www.felixcloutier.com/x86/monitor.html]
[www.felixcloutier.com/x86/mov.html]
[www.felixcloutier.com/x86/mov-1.html]
[www.felixcloutier.com/x86/mov-2.html]
[www.felixcloutier.com/x86/movapd.html]
[www.felixcloutier.com/x86/movaps.html]
[www.felixcloutier.com/x86/movbe.html]
[www.felixcloutier.com/x86/movd_movq.html]
[www.felixcloutier.com/x86/movddup.html]
[www.felixcloutier.com/x86/movdir64b.html]
[www.felixcloutier.com/x86/movdiri.html]
[www.felixcloutier.com/x86/movdq2q.html]
[www.felixcloutier.com/x86/movdqa_vmovdqa32_vmovdqa64.html]
[www.felixcloutier.com/x86/movdqu_vmovdqu8_vmovdqu16_vmovdqu32_vmovdqu64.html]
[www.felixcloutier.com/x86/movhlps.html]
[www.felixcloutier.com/x86/movhpd.html]
[www.felixcloutier.com/x86/movhps.html]
[www.felixcloutier.com/x86/movlhps.html]
[www.felixcloutier.com/x86/movlpd.html]
[www.felixcloutier.com/x86/movlps.html]
[www.felixcloutier.com/x86/movmskpd.html]
[www.felixcloutier.com/x86/movmskps.html]
[www.felixcloutier.com/x86/movntdq.html]
[www.felixcloutier.com/x86/movntdqa.html]
[www.felixcloutier.com/x86/movnti.html]
[www.felixcloutier.com/x86/movntpd.html]
[www.felixcloutier.com/x86/movntps.html]
[www.felixcloutier.com/x86/movntq.html]
[www.felixcloutier.com/x86/movq.html]
[www.felixcloutier.com/x86/movq2dq.html]
[www.felixcloutier.com/x86/movs_movsb_movsw_movsd_movsq.html]
[www.felixcloutier.com/x86/movsd.html]
[www.felixcloutier.com/x86/movshdup.html]
[www.felixcloutier.com/x86/movsldup.html]
[www.felixcloutier.com/x86/movss.html]
[www.felixcloutier.com/x86/movsx_movsxd.html]
[www.felixcloutier.com/x86/movupd.html]
[www.felixcloutier.com/x86/movups.html]
[www.felixcloutier.com/x86/movzx.html]
[www.felixcloutier.com/x86/mpsadbw.html]
[www.felixcloutier.com/x86/mul.html]
[www.felixcloutier.com/x86/mulpd.html]
[www.felixcloutier.com/x86/mulps.html]
[www.felixcloutier.com/x86/mulsd.html]
[www.felixcloutier.com/x86/mulss.html]
[www.felixcloutier.com/x86/mulx.html]
[www.felixcloutier.com/x86/mwait.html]
[www.felixcloutier.com/x86/neg.html]
[www.felixcloutier.com/x86/nop.html]
[www.felixcloutier.com/x86/not.html]
[www.felixcloutier.com/x86/or.html]
[www.felixcloutier.com/x86/orpd.html]
[www.felixcloutier.com/x86/orps.html]
[www.felixcloutier.com/x86/out.html]
[www.felixcloutier.com/x86/outs_outsb_outsw_outsd.html]
[www.felixcloutier.com/x86/pabsb_pabsw_pabsd_pabsq.html]
[www.felixcloutier.com/x86/packsswb_packssdw.html]
[www.felixcloutier.com/x86/packusdw.html]
[www.felixcloutier.com/x86/packuswb.html]
[www.felixcloutier.com/x86/paddb_paddw_paddd_paddq.html]
[www.felixcloutier.com/x86/paddsb_paddsw.html]
[www.felixcloutier.com/x86/paddusb_paddusw.html]
[www.felixcloutier.com/x86/palignr.html]
[www.felixcloutier.com/x86/pand.html]
[www.felixcloutier.com/x86/pandn.html]
[www.felixcloutier.com/x86/pause.html]
[www.felixcloutier.com/x86/pavgb_pavgw.html]
[www.felixcloutier.com/x86/pblendvb.html]
[www.felixcloutier.com/x86/pblendw.html]
[www.felixcloutier.com/x86/pclmulqdq.html]
[www.felixcloutier.com/x86/pcmpeqb_pcmpeqw_pcmpeqd.html]
[www.felixcloutier.com/x86/pcmpeqq.html]
[www.felixcloutier.com/x86/pcmpestri.html]
[www.felixcloutier.com/x86/pcmpestrm.html]
[www.felixcloutier.com/x86/pcmpgtb_pcmpgtw_pcmpgtd.html]
[www.felixcloutier.com/x86/pcmpgtq.html]
[www.felixcloutier.com/x86/pcmpistri.html]
[www.felixcloutier.com/x86/pcmpistrm.html]
[www.felixcloutier.com/x86/pconfig.html]
[www.felixcloutier.com/x86/pdep.html]
[www.felixcloutier.com/x86/pext.html]
[www.felixcloutier.com/x86/pextrb_pextrd_pextrq.html]
[www.felixcloutier.com/x86/pextrw.html]
[www.felixcloutier.com/x86/phaddw_phaddd.html]
[www.felixcloutier.com/x86/phaddsw.html]
[www.felixcloutier.com/x86/phminposuw.html]
[www.felixcloutier.com/x86/phsubw_phsubd.html]
[www.felixcloutier.com/x86/phsubsw.html]
[www.felixcloutier.com/x86/pinsrb_pinsrd_pinsrq.html]
[www.felixcloutier.com/x86/pinsrw.html]
[www.felixcloutier.com/x86/pmaddubsw.html]
[www.felixcloutier.com/x86/pmaddwd.html]
[www.felixcloutier.com/x86/pmaxsb_pmaxsw_pmaxsd_pmaxsq.html]
[www.felixcloutier.com/x86/pmaxub_pmaxuw.html]
[www.felixcloutier.com/x86/pmaxud_pmaxuq.html]
[www.felixcloutier.com/x86/pminsb_pminsw.html]
[www.felixcloutier.com/x86/pminsd_pminsq.html]
[www.felixcloutier.com/x86/pminub_pminuw.html]
[www.felixcloutier.com/x86/pminud_pminuq.html]
[www.felixcloutier.com/x86/pmovmskb.html]
[www.felixcloutier.com/x86/pmovsx.html]
[www.felixcloutier.com/x86/pmovzx.html]
[www.felixcloutier.com/x86/pmuldq.html]
[www.felixcloutier.com/x86/pmulhrsw.html]
[www.felixcloutier.com/x86/pmulhuw.html]
[www.felixcloutier.com/x86/pmulhw.html]
[www.felixcloutier.com/x86/pmulld_pmullq.html]
[www.felixcloutier.com/x86/pmullw.html]
[www.felixcloutier.com/x86/pmuludq.html]
[www.felixcloutier.com/x86/pop.html]
[www.felixcloutier.com/x86/popa_popad.html]
[www.felixcloutier.com/x86/popcnt.html]
[www.felixcloutier.com/x86/popf_popfd_popfq.html]
[www.felixcloutier.com/x86/por.html]
[www.felixcloutier.com/x86/prefetchw.html]
[www.felixcloutier.com/x86/prefetchh.html]
[www.felixcloutier.com/x86/psadbw.html]
[www.felixcloutier.com/x86/pshufb.html]
[www.felixcloutier.com/x86/pshufd.html]
[www.felixcloutier.com/x86/pshufhw.html]
[www.felixcloutier.com/x86/pshuflw.html]
[www.felixcloutier.com/x86/pshufw.html]
[www.felixcloutier.com/x86/psignb_psignw_psignd.html]
[www.felixcloutier.com/x86/psllw_pslld_psllq.html]
[www.felixcloutier.com/x86/pslldq.html]
[www.felixcloutier.com/x86/psraw_psrad_psraq.html]
[www.felixcloutier.com/x86/psrlw_psrld_psrlq.html]
[www.felixcloutier.com/x86/psrldq.html]
[www.felixcloutier.com/x86/psubb_psubw_psubd.html]
[www.felixcloutier.com/x86/psubq.html]
[www.felixcloutier.com/x86/psubsb_psubsw.html]
[www.felixcloutier.com/x86/psubusb_psubusw.html]
[www.felixcloutier.com/x86/ptest.html]
[www.felixcloutier.com/x86/ptwrite.html]
[www.felixcloutier.com/x86/punpckhbw_punpckhwd_punpckhdq_punpckhqdq.html]
[www.felixcloutier.com/x86/punpcklbw_punpcklwd_punpckldq_punpcklqdq.html]
[www.felixcloutier.com/x86/push.html]
[www.felixcloutier.com/x86/pusha_pushad.html]
[www.felixcloutier.com/x86/pushf_pushfd_pushfq.html]
[www.felixcloutier.com/x86/pxor.html]
[www.felixcloutier.com/x86/rcl_rcr_rol_ror.html]
[www.felixcloutier.com/x86/rcpps.html]
[www.felixcloutier.com/x86/rcpss.html]
[www.felixcloutier.com/x86/rdfsbase_rdgsbase.html]
[www.felixcloutier.com/x86/rdmsr.html]
[www.felixcloutier.com/x86/rdpid.html]
[www.felixcloutier.com/x86/rdpkru.html]
[www.felixcloutier.com/x86/rdpmc.html]
[www.felixcloutier.com/x86/rdrand.html]
[www.felixcloutier.com/x86/rdseed.html]
[www.felixcloutier.com/x86/rdsspd_rdsspq.html]
[www.felixcloutier.com/x86/rdtsc.html]
[www.felixcloutier.com/x86/rdtscp.html]
[www.felixcloutier.com/x86/rep_repe_repz_repne_repnz.html]
[www.felixcloutier.com/x86/ret.html]
[www.felixcloutier.com/x86/rorx.html]
[www.felixcloutier.com/x86/roundpd.html]
[www.felixcloutier.com/x86/roundps.html]
[www.felixcloutier.com/x86/roundsd.html]
[www.felixcloutier.com/x86/roundss.html]
[www.felixcloutier.com/x86/rsm.html]
[www.felixcloutier.com/x86/rsqrtps.html]
[www.felixcloutier.com/x86/rsqrtss.html]
[www.felixcloutier.com/x86/rstorssp.html]
[www.felixcloutier.com/x86/sahf.html]
[www.felixcloutier.com/x86/sal_sar_shl_shr.html]
[www.felixcloutier.com/x86/sarx_shlx_shrx.html]
[www.felixcloutier.com/x86/saveprevssp.html]
[www.felixcloutier.com/x86/sbb.html]
[www.felixcloutier.com/x86/scas_scasb_scasw_scasd.html]
[www.felixcloutier.com/x86/senduipi.html]
[www.felixcloutier.com/x86/serialize.html]
[www.felixcloutier.com/x86/setssbsy.html]
[www.felixcloutier.com/x86/setcc.html]
[www.felixcloutier.com/x86/sfence.html]
[www.felixcloutier.com/x86/sgdt.html]
[www.felixcloutier.com/x86/sha1msg1.html]
[www.felixcloutier.com/x86/sha1msg2.html]
[www.felixcloutier.com/x86/sha1nexte.html]
[www.felixcloutier.com/x86/sha1rnds4.html]
[www.felixcloutier.com/x86/sha256msg1.html]
[www.felixcloutier.com/x86/sha256msg2.html]
[www.felixcloutier.com/x86/sha256rnds2.html]
[www.felixcloutier.com/x86/shld.html]
[www.felixcloutier.com/x86/shrd.html]
[www.felixcloutier.com/x86/shufpd.html]
[www.felixcloutier.com/x86/shufps.html]
[www.felixcloutier.com/x86/sidt.html]
[www.felixcloutier.com/x86/sldt.html]
[www.felixcloutier.com/x86/smsw.html]
[www.felixcloutier.com/x86/sqrtpd.html]
[www.felixcloutier.com/x86/sqrtps.html]
[www.felixcloutier.com/x86/sqrtsd.html]
[www.felixcloutier.com/x86/sqrtss.html]
[www.felixcloutier.com/x86/stac.html]
[www.felixcloutier.com/x86/stc.html]
[www.felixcloutier.com/x86/std.html]
[www.felixcloutier.com/x86/sti.html]
[www.felixcloutier.com/x86/stmxcsr.html]
[www.felixcloutier.com/x86/stos_stosb_stosw_stosd_stosq.html]
[www.felixcloutier.com/x86/str.html]
[www.felixcloutier.com/x86/sttilecfg.html]
[www.felixcloutier.com/x86/stui.html]
[www.felixcloutier.com/x86/sub.html]
[www.felixcloutier.com/x86/subpd.html]
[www.felixcloutier.com/x86/subps.html]
[www.felixcloutier.com/x86/subsd.html]
[www.felixcloutier.com/x86/subss.html]
[www.felixcloutier.com/x86/swapgs.html]
[www.felixcloutier.com/x86/syscall.html]
[www.felixcloutier.com/x86/sysenter.html]
[www.felixcloutier.com/x86/sysexit.html]
[www.felixcloutier.com/x86/sysret.html]
[www.felixcloutier.com/x86/tdpbf16ps.html]
[www.felixcloutier.com/x86/tdpbssd_tdpbsud_tdpbusd_tdpbuud.html]
[www.felixcloutier.com/x86/test.html]
[www.felixcloutier.com/x86/testui.html]
[www.felixcloutier.com/x86/tileloadd_tileloaddt1.html]
[www.felixcloutier.com/x86/tilerelease.html]
[www.felixcloutier.com/x86/tilestored.html]
[www.felixcloutier.com/x86/tilezero.html]
[www.felixcloutier.com/x86/tpause.html]
[www.felixcloutier.com/x86/tzcnt.html]
[www.felixcloutier.com/x86/ucomisd.html]
[www.felixcloutier.com/x86/ucomiss.html]
[www.felixcloutier.com/x86/ud.html]
[www.felixcloutier.com/x86/uiret.html]
[www.felixcloutier.com/x86/umonitor.html]
[www.felixcloutier.com/x86/umwait.html]
[www.felixcloutier.com/x86/unpckhpd.html]
[www.felixcloutier.com/x86/unpckhps.html]
[www.felixcloutier.com/x86/unpcklpd.html]
[www.felixcloutier.com/x86/unpcklps.html]
[www.felixcloutier.com/x86/vaddph.html]
[www.felixcloutier.com/x86/vaddsh.html]
[www.felixcloutier.com/x86/valignd_valignq.html]
[www.felixcloutier.com/x86/vblendmpd_vblendmps.html]
[www.felixcloutier.com/x86/vbroadcast.html]
[www.felixcloutier.com/x86/vcmpph.html]
[www.felixcloutier.com/x86/vcmpsh.html]
[www.felixcloutier.com/x86/vcomish.html]
[www.felixcloutier.com/x86/vcompresspd.html]
[www.felixcloutier.com/x86/vcompressps.html]
[www.felixcloutier.com/x86/vpcompressb_vcompressw.html]
[www.felixcloutier.com/x86/vcvtdq2ph.html]
[www.felixcloutier.com/x86/vcvtne2ps2bf16.html]
[www.felixcloutier.com/x86/vcvtneps2bf16.html]
[www.felixcloutier.com/x86/vcvtpd2ph.html]
[www.felixcloutier.com/x86/vcvtpd2qq.html]
[www.felixcloutier.com/x86/vcvtpd2udq.html]
[www.felixcloutier.com/x86/vcvtpd2uqq.html]
[www.felixcloutier.com/x86/vcvtph2dq.html]
[www.felixcloutier.com/x86/vcvtph2pd.html]
[www.felixcloutier.com/x86/vcvtph2ps_vcvtph2psx.html]
[www.felixcloutier.com/x86/vcvtph2qq.html]
[www.felixcloutier.com/x86/vcvtph2udq.html]
[www.felixcloutier.com/x86/vcvtph2uqq.html]
[www.felixcloutier.com/x86/vcvtph2uw.html]
[www.felixcloutier.com/x86/vcvtph2w.html]
[www.felixcloutier.com/x86/vcvtps2ph.html]
[www.felixcloutier.com/x86/vcvtps2phx.html]
[www.felixcloutier.com/x86/vcvtps2qq.html]
[www.felixcloutier.com/x86/vcvtps2udq.html]
[www.felixcloutier.com/x86/vcvtps2uqq.html]
[www.felixcloutier.com/x86/vcvtqq2pd.html]
[www.felixcloutier.com/x86/vcvtqq2ph.html]
[www.felixcloutier.com/x86/vcvtqq2ps.html]
[www.felixcloutier.com/x86/vcvtsd2sh.html]
[www.felixcloutier.com/x86/vcvtsd2usi.html]
[www.felixcloutier.com/x86/vcvtsh2sd.html]
[www.felixcloutier.com/x86/vcvtsh2si.html]
[www.felixcloutier.com/x86/vcvtsh2ss.html]
[www.felixcloutier.com/x86/vcvtsh2usi.html]
[www.felixcloutier.com/x86/vcvtsi2sh.html]
[www.felixcloutier.com/x86/vcvtss2sh.html]
[www.felixcloutier.com/x86/vcvtss2usi.html]
[www.felixcloutier.com/x86/vcvttpd2qq.html]
[www.felixcloutier.com/x86/vcvttpd2udq.html]
[www.felixcloutier.com/x86/vcvttpd2uqq.html]
[www.felixcloutier.com/x86/vcvttph2dq.html]
[www.felixcloutier.com/x86/vcvttph2qq.html]
[www.felixcloutier.com/x86/vcvttph2udq.html]
[www.felixcloutier.com/x86/vcvttph2uqq.html]
[www.felixcloutier.com/x86/vcvttph2uw.html]
[www.felixcloutier.com/x86/vcvttph2w.html]
[www.felixcloutier.com/x86/vcvttps2qq.html]
[www.felixcloutier.com/x86/vcvttps2udq.html]
[www.felixcloutier.com/x86/vcvttps2uqq.html]
[www.felixcloutier.com/x86/vcvttsd2usi.html]
[www.felixcloutier.com/x86/vcvttsh2si.html]
[www.felixcloutier.com/x86/vcvttsh2usi.html]
[www.felixcloutier.com/x86/vcvttss2usi.html]
[www.felixcloutier.com/x86/vcvtudq2pd.html]
[www.felixcloutier.com/x86/vcvtudq2ph.html]
[www.felixcloutier.com/x86/vcvtudq2ps.html]
[www.felixcloutier.com/x86/vcvtuqq2pd.html]
[www.felixcloutier.com/x86/vcvtuqq2ph.html]
[www.felixcloutier.com/x86/vcvtuqq2ps.html]
[www.felixcloutier.com/x86/vcvtusi2sd.html]
[www.felixcloutier.com/x86/vcvtusi2sh.html]
[www.felixcloutier.com/x86/vcvtusi2ss.html]
[www.felixcloutier.com/x86/vcvtuw2ph.html]
[www.felixcloutier.com/x86/vcvtw2ph.html]
[www.felixcloutier.com/x86/vdivph.html]
[www.felixcloutier.com/x86/vdbpsadbw.html]
[www.felixcloutier.com/x86/vdivsh.html]
[www.felixcloutier.com/x86/vdpbf16ps.html]
[www.felixcloutier.com/x86/verr_verw.html]
[www.felixcloutier.com/x86/vexpandpd.html]
[www.felixcloutier.com/x86/vexpandps.html]
[www.felixcloutier.com/x86/vextractf128_vextractf32x4_vextractf64x2_vextractf32x8_vextractf64x4.html]
[www.felixcloutier.com/x86/vextracti128_vextracti32x4_vextracti64x2_vextracti32x8_vextracti64x4.html]
[www.felixcloutier.com/x86/vfcmaddcph_vfmaddcph.html]
[www.felixcloutier.com/x86/vfcmaddcsh_vfmaddcsh.html]
[www.felixcloutier.com/x86/vfcmulcph_vfmulcph.html]
[www.felixcloutier.com/x86/vfcmulcsh_vfmulcsh.html]
[www.felixcloutier.com/x86/vfixupimmpd.html]
[www.felixcloutier.com/x86/vfixupimmps.html]
[www.felixcloutier.com/x86/vfixupimmsd.html]
[www.felixcloutier.com/x86/vfixupimmss.html]
[www.felixcloutier.com/x86/vfmadd132pd_vfmadd213pd_vfmadd231pd.html]
[www.felixcloutier.com/x86/vfmadd132ph_vfnmadd132ph_vfmadd213ph_vfnmadd213ph_vfmadd231ph_vfnmadd231ph.html]
[www.felixcloutier.com/x86/vfmadd132ps_vfmadd213ps_vfmadd231ps.html]
[www.felixcloutier.com/x86/vfmadd132sd_vfmadd213sd_vfmadd231sd.html]
[www.felixcloutier.com/x86/vfmadd132sh_vfnmadd132sh_vfmadd213sh_vfnmadd213sh_vfmadd231sh_vfnmadd231sh.html]
[www.felixcloutier.com/x86/vfmadd132ss_vfmadd213ss_vfmadd231ss.html]
[www.felixcloutier.com/x86/vfmaddrnd231pd.html]
[www.felixcloutier.com/x86/vfmaddsub132pd_vfmaddsub213pd_vfmaddsub231pd.html]
[www.felixcloutier.com/x86/vfmaddsub132ph_vfmaddsub213ph_vfmaddsub231ph.html]
[www.felixcloutier.com/x86/vfmaddsub132ps_vfmaddsub213ps_vfmaddsub231ps.html]
[www.felixcloutier.com/x86/vfmsub132pd_vfmsub213pd_vfmsub231pd.html]
[www.felixcloutier.com/x86/vfmsub132ph_vfnmsub132ph_vfmsub213ph_vfnmsub213ph_vfmsub231ph_vfnmsub231ph.html]
[www.felixcloutier.com/x86/vfmsub132ps_vfmsub213ps_vfmsub231ps.html]
[www.felixcloutier.com/x86/vfmsub132sd_vfmsub213sd_vfmsub231sd.html]
[www.felixcloutier.com/x86/vfmsub132sh_vfnmsub132sh_vfmsub213sh_vfnmsub213sh_vfmsub231sh_vfnmsub231sh.html]
[www.felixcloutier.com/x86/vfmsub132ss_vfmsub213ss_vfmsub231ss.html]
[www.felixcloutier.com/x86/vfmsubadd132pd_vfmsubadd213pd_vfmsubadd231pd.html]
[www.felixcloutier.com/x86/vfmsubadd132ph_vfmsubadd213ph_vfmsubadd231ph.html]
[www.felixcloutier.com/x86/vfmsubadd132ps_vfmsubadd213ps_vfmsubadd231ps.html]
[www.felixcloutier.com/x86/vfnmadd132pd_vfnmadd213pd_vfnmadd231pd.html]
[www.felixcloutier.com/x86/vfnmadd132ps_vfnmadd213ps_vfnmadd231ps.html]
[www.felixcloutier.com/x86/vfnmadd132sd_vfnmadd213sd_vfnmadd231sd.html]
[www.felixcloutier.com/x86/vfnmadd132ss_vfnmadd213ss_vfnmadd231ss.html]
[www.felixcloutier.com/x86/vfnmsub132pd_vfnmsub213pd_vfnmsub231pd.html]
[www.felixcloutier.com/x86/vfnmsub132ps_vfnmsub213ps_vfnmsub231ps.html]
[www.felixcloutier.com/x86/vfnmsub132sd_vfnmsub213sd_vfnmsub231sd.html]
[www.felixcloutier.com/x86/vfnmsub132ss_vfnmsub213ss_vfnmsub231ss.html]
[www.felixcloutier.com/x86/vfpclasspd.html]
[www.felixcloutier.com/x86/vfpclassph.html]
[www.felixcloutier.com/x86/vfpclassps.html]
[www.felixcloutier.com/x86/vfpclasssd.html]
[www.felixcloutier.com/x86/vfpclasssh.html]
[www.felixcloutier.com/x86/vfpclassss.html]
[www.felixcloutier.com/x86/vgatherdpd_vgatherqpd.html]
[www.felixcloutier.com/x86/vgatherdps_vgatherdpd.html]
[www.felixcloutier.com/x86/vgatherdps_vgatherqps.html]
[www.felixcloutier.com/x86/vgatherqps_vgatherqpd.html]
[www.felixcloutier.com/x86/vgetexppd.html]
[www.felixcloutier.com/x86/vgetexpph.html]
[www.felixcloutier.com/x86/vgetexpps.html]
[www.felixcloutier.com/x86/vgetexpsd.html]
[www.felixcloutier.com/x86/vgetexpsh.html]
[www.felixcloutier.com/x86/vgetexpss.html]
[www.felixcloutier.com/x86/vgetmantpd.html]
[www.felixcloutier.com/x86/vgetmantph.html]
[www.felixcloutier.com/x86/vgetmantps.html]
[www.felixcloutier.com/x86/vgetmantsd.html]
[www.felixcloutier.com/x86/vgetmantsh.html]
[www.felixcloutier.com/x86/vgetmantss.html]
[www.felixcloutier.com/x86/vinsertf128_vinsertf32x4_vinsertf64x2_vinsertf32x8_vinsertf64x4.html]
[www.felixcloutier.com/x86/vinserti128_vinserti32x4_vinserti64x2_vinserti32x8_vinserti64x4.html]
[www.felixcloutier.com/x86/vmaskmov.html]
[www.felixcloutier.com/x86/vmaxph.html]
[www.felixcloutier.com/x86/vmaxsh.html]
[www.felixcloutier.com/x86/vminph.html]
[www.felixcloutier.com/x86/vminsh.html]
[www.felixcloutier.com/x86/vmovsh.html]
[www.felixcloutier.com/x86/vmovw.html]
[www.felixcloutier.com/x86/vmulph.html]
[www.felixcloutier.com/x86/vmulsh.html]
[www.felixcloutier.com/x86/vp2intersectd_vp2intersectq.html]
[www.felixcloutier.com/x86/vpblendd.html]
[www.felixcloutier.com/x86/vpblendmb_vpblendmw.html]
[www.felixcloutier.com/x86/vpblendmd_vpblendmq.html]
[www.felixcloutier.com/x86/vpbroadcast.html]
[www.felixcloutier.com/x86/vpbroadcastb_vpbroadcastw_vpbroadcastd_vpbroadcastq.html]
[www.felixcloutier.com/x86/vpbroadcastm.html]
[www.felixcloutier.com/x86/vpcmpb_vpcmpub.html]
[www.felixcloutier.com/x86/vpcmpd_vpcmpud.html]
[www.felixcloutier.com/x86/vpcmpq_vpcmpuq.html]
[www.felixcloutier.com/x86/vpcmpw_vpcmpuw.html]
[www.felixcloutier.com/x86/vpcompressd.html]
[www.felixcloutier.com/x86/vpcompressq.html]
[www.felixcloutier.com/x86/vpconflictd_vpconflictq.html]
[www.felixcloutier.com/x86/vpdpbusd.html]
[www.felixcloutier.com/x86/vpdpbusds.html]
[www.felixcloutier.com/x86/vpdpwssd.html]
[www.felixcloutier.com/x86/vpdpwssds.html]
[www.felixcloutier.com/x86/vperm2f128.html]
[www.felixcloutier.com/x86/vperm2i128.html]
[www.felixcloutier.com/x86/vpermb.html]
[www.felixcloutier.com/x86/vpermd_vpermw.html]
[www.felixcloutier.com/x86/vpermi2b.html]
[www.felixcloutier.com/x86/vpermi2w_vpermi2d_vpermi2q_vpermi2ps_vpermi2pd.html]
[www.felixcloutier.com/x86/vpermilpd.html]
[www.felixcloutier.com/x86/vpermilps.html]
[www.felixcloutier.com/x86/vpermpd.html]
[www.felixcloutier.com/x86/vpermps.html]
[www.felixcloutier.com/x86/vpermq.html]
[www.felixcloutier.com/x86/vpermt2b.html]
[www.felixcloutier.com/x86/vpermt2w_vpermt2d_vpermt2q_vpermt2ps_vpermt2pd.html]
[www.felixcloutier.com/x86/vpexpandb_vpexpandw.html]
[www.felixcloutier.com/x86/vpexpandd.html]
[www.felixcloutier.com/x86/vpexpandq.html]
[www.felixcloutier.com/x86/vpgatherdd_vpgatherqd.html]
[www.felixcloutier.com/x86/vpgatherdd_vpgatherdq.html]
[www.felixcloutier.com/x86/vpgatherdq_vpgatherqq.html]
[www.felixcloutier.com/x86/vpgatherqd_vpgatherqq.html]
[www.felixcloutier.com/x86/vplzcntd_vplzcntq.html]
[www.felixcloutier.com/x86/vpmadd52huq.html]
[www.felixcloutier.com/x86/vpmadd52luq.html]
[www.felixcloutier.com/x86/vpmaskmov.html]
[www.felixcloutier.com/x86/vpmovb2m_vpmovw2m_vpmovd2m_vpmovq2m.html]
[www.felixcloutier.com/x86/vpmovdb_vpmovsdb_vpmovusdb.html]
[www.felixcloutier.com/x86/vpmovdw_vpmovsdw_vpmovusdw.html]
[www.felixcloutier.com/x86/vpmovm2b_vpmovm2w_vpmovm2d_vpmovm2q.html]
[www.felixcloutier.com/x86/vpmovqb_vpmovsqb_vpmovusqb.html]
[www.felixcloutier.com/x86/vpmovqd_vpmovsqd_vpmovusqd.html]
[www.felixcloutier.com/x86/vpmovqw_vpmovsqw_vpmovusqw.html]
[www.felixcloutier.com/x86/vpmovwb_vpmovswb_vpmovuswb.html]
[www.felixcloutier.com/x86/vpmultishiftqb.html]
[www.felixcloutier.com/x86/vpopcnt.html]
[www.felixcloutier.com/x86/vprold_vprolvd_vprolq_vprolvq.html]
[www.felixcloutier.com/x86/vprord_vprorvd_vprorq_vprorvq.html]
[www.felixcloutier.com/x86/vpscatterdd_vpscatterdq_vpscatterqd_vpscatterqq.html]
[www.felixcloutier.com/x86/vpshld.html]
[www.felixcloutier.com/x86/vpshldv.html]
[www.felixcloutier.com/x86/vpshrd.html]
[www.felixcloutier.com/x86/vpshrdv.html]
[www.felixcloutier.com/x86/vpshufbitqmb.html]
[www.felixcloutier.com/x86/vpsllvw_vpsllvd_vpsllvq.html]
[www.felixcloutier.com/x86/vpsravw_vpsravd_vpsravq.html]
[www.felixcloutier.com/x86/vpsrlvw_vpsrlvd_vpsrlvq.html]
[www.felixcloutier.com/x86/vpternlogd_vpternlogq.html]
[www.felixcloutier.com/x86/vptestmb_vptestmw_vptestmd_vptestmq.html]
[www.felixcloutier.com/x86/vptestnmb_vptestnmw_vptestnmd_vptestnmq.html]
[www.felixcloutier.com/x86/vrangepd.html]
[www.felixcloutier.com/x86/vrangeps.html]
[www.felixcloutier.com/x86/vrangesd.html]
[www.felixcloutier.com/x86/vrangess.html]
[www.felixcloutier.com/x86/vrcp14pd.html]
[www.felixcloutier.com/x86/vrcp14ps.html]
[www.felixcloutier.com/x86/vrcp14sd.html]
[www.felixcloutier.com/x86/vrcp14ss.html]
[www.felixcloutier.com/x86/vrcpph.html]
[www.felixcloutier.com/x86/vrcpsh.html]
[www.felixcloutier.com/x86/vreducepd.html]
[www.felixcloutier.com/x86/vreduceph.html]
[www.felixcloutier.com/x86/vreduceps.html]
[www.felixcloutier.com/x86/vreducesd.html]
[www.felixcloutier.com/x86/vreducesh.html]
[www.felixcloutier.com/x86/vreducess.html]
[www.felixcloutier.com/x86/vrndscalepd.html]
[www.felixcloutier.com/x86/vrndscaleph.html]
[www.felixcloutier.com/x86/vrndscaleps.html]
[www.felixcloutier.com/x86/vrndscalesd.html]
[www.felixcloutier.com/x86/vrndscalesh.html]
[www.felixcloutier.com/x86/vrndscaless.html]
[www.felixcloutier.com/x86/vrsqrt14pd.html]
[www.felixcloutier.com/x86/vrsqrt14ps.html]
[www.felixcloutier.com/x86/vrsqrt14sd.html]
[www.felixcloutier.com/x86/vrsqrt14ss.html]
[www.felixcloutier.com/x86/vrsqrtph.html]
[www.felixcloutier.com/x86/vrsqrtsh.html]
[www.felixcloutier.com/x86/vscalefpd.html]
[www.felixcloutier.com/x86/vscalefph.html]
[www.felixcloutier.com/x86/vscalefps.html]
[www.felixcloutier.com/x86/vscalefsd.html]
[www.felixcloutier.com/x86/vscalefsh.html]
[www.felixcloutier.com/x86/vscalefss.html]
[www.felixcloutier.com/x86/vscatterdps_vscatterdpd_vscatterqps_vscatterqpd.html]
[www.felixcloutier.com/x86/vshuff32x4_vshuff64x2_vshufi32x4_vshufi64x2.html]
[www.felixcloutier.com/x86/vsqrtph.html]
[www.felixcloutier.com/x86/vsqrtsh.html]
[www.felixcloutier.com/x86/vsubph.html]
[www.felixcloutier.com/x86/vsubsh.html]
[www.felixcloutier.com/x86/vtestpd_vtestps.html]
[www.felixcloutier.com/x86/vucomish.html]
[www.felixcloutier.com/x86/vzeroall.html]
[www.felixcloutier.com/x86/vzeroupper.html]
[www.felixcloutier.com/x86/wbinvd.html]
[www.felixcloutier.com/x86/wbnoinvd.html]
[www.felixcloutier.com/x86/wrfsbase_wrgsbase.html]
[www.felixcloutier.com/x86/wrmsr.html]
[www.felixcloutier.com/x86/wrpkru.html]
[www.felixcloutier.com/x86/wrssd_wrssq.html]
[www.felixcloutier.com/x86/wrussd_wrussq.html]
[www.felixcloutier.com/x86/xabort.html]
[www.felixcloutier.com/x86/xacquire_xrelease.html]
[www.felixcloutier.com/x86/xadd.html]
[www.felixcloutier.com/x86/xbegin.html]
[www.felixcloutier.com/x86/xchg.html]
[www.felixcloutier.com/x86/xend.html]
[www.felixcloutier.com/x86/xgetbv.html]
[www.felixcloutier.com/x86/xlat_xlatb.html]
[www.felixcloutier.com/x86/xor.html]
[www.felixcloutier.com/x86/xorpd.html]
[www.felixcloutier.com/x86/xorps.html]
[www.felixcloutier.com/x86/xresldtrk.html]
[www.felixcloutier.com/x86/xrstor.html]
[www.felixcloutier.com/x86/xrstors.html]
[www.felixcloutier.com/x86/xsave.html]
[www.felixcloutier.com/x86/xsavec.html]
[www.felixcloutier.com/x86/xsaveopt.html]
[www.felixcloutier.com/x86/xsaves.html]
[www.felixcloutier.com/x86/xsetbv.html]
[www.felixcloutier.com/x86/xsusldtrk.html]
[www.felixcloutier.com/x86/xtest.html]
[www.felixcloutier.com/x86/encls.html]
[www.felixcloutier.com/x86/eadd.html]
[www.felixcloutier.com/x86/eaug.html]
[www.felixcloutier.com/x86/eblock.html]
[www.felixcloutier.com/x86/ecreate.html]
[www.felixcloutier.com/x86/edbgrd.html]
[www.felixcloutier.com/x86/edbgwr.html]
[www.felixcloutier.com/x86/eextend.html]
[www.felixcloutier.com/x86/einit.html]
[www.felixcloutier.com/x86/eldb_eldu_eldbc_elduc.html]
[www.felixcloutier.com/x86/emodpr.html]
[www.felixcloutier.com/x86/emodt.html]
[www.felixcloutier.com/x86/epa.html]
[www.felixcloutier.com/x86/erdinfo.html]
[www.felixcloutier.com/x86/eremove.html]
[www.felixcloutier.com/x86/etrackc.html]
[www.felixcloutier.com/x86/etrack.html]
[www.felixcloutier.com/x86/ewb.html]
[www.felixcloutier.com/x86/enclu.html]
[www.felixcloutier.com/x86/eacceptcopy.html]
[www.felixcloutier.com/x86/eaccept.html]
[www.felixcloutier.com/x86/edeccssa.html]
[www.felixcloutier.com/x86/eenter.html]
[www.felixcloutier.com/x86/eexit.html]
[www.felixcloutier.com/x86/egetkey.html]
[www.felixcloutier.com/x86/emodpe.html]
[www.felixcloutier.com/x86/ereport.html]
[www.felixcloutier.com/x86/eresume.html]
[www.felixcloutier.com/x86/enclv.html]
[www.felixcloutier.com/x86/edecvirtchild.html]
[www.felixcloutier.com/x86/eincvirtchild.html]
[www.felixcloutier.com/x86/esetcontext.html]
[www.felixcloutier.com/x86/capabilities.html]
[www.felixcloutier.com/x86/enteraccs.html]
[www.felixcloutier.com/x86/exitac.html]
[www.felixcloutier.com/x86/parameters.html]
[www.felixcloutier.com/x86/senter.html]
[www.felixcloutier.com/x86/sexit.html]
[www.felixcloutier.com/x86/smctrl.html]
[www.felixcloutier.com/x86/wakeup.html]
[www.felixcloutier.com/x86/invept.html]
[www.felixcloutier.com/x86/invvpid.html]
[www.felixcloutier.com/x86/vmcall.html]
[www.felixcloutier.com/x86/vmclear.html]
[www.felixcloutier.com/x86/vmfunc.html]
[www.felixcloutier.com/x86/vmlaunch_vmresume.html]
[www.felixcloutier.com/x86/vmptrld.html]
[www.felixcloutier.com/x86/vmptrst.html]
[www.felixcloutier.com/x86/vmread.html]
[www.felixcloutier.com/x86/vmresume.html]
[www.felixcloutier.com/x86/vmwrite.html]
[www.felixcloutier.com/x86/vmxoff.html]
[www.felixcloutier.com/x86/vmxon.html]
[www.felixcloutier.com/x86/prefetchwt1.html]
[www.felixcloutier.com/x86/v4fmaddps_v4fnmaddps.html]
[www.felixcloutier.com/x86/v4fmaddss_v4fnmaddss.html]
[www.felixcloutier.com/x86/vexp2pd.html]
[www.felixcloutier.com/x86/vexp2ps.html]
[www.felixcloutier.com/x86/vgatherpf0dps_vgatherpf0qps_vgatherpf0dpd_vgatherpf0qpd.html]
[www.felixcloutier.com/x86/vgatherpf1dps_vgatherpf1qps_vgatherpf1dpd_vgatherpf1qpd.html]
[www.felixcloutier.com/x86/vp4dpwssd.html]
[www.felixcloutier.com/x86/vp4dpwssds.html]
[www.felixcloutier.com/x86/vrcp28pd.html]
[www.felixcloutier.com/x86/vrcp28ps.html]
[www.felixcloutier.com/x86/vrcp28sd.html]
[www.felixcloutier.com/x86/vrcp28ss.html]
[www.felixcloutier.com/x86/vrsqrt28pd.html]
[www.felixcloutier.com/x86/vrsqrt28ps.html]
[www.felixcloutier.com/x86/vrsqrt28sd.html]
[www.felixcloutier.com/x86/vrsqrt28ss.html]
[www.felixcloutier.com/x86/vscatterpf0dps_vscatterpf0qps_vscatterpf0dpd_vscatterpf0qpd.html]
[www.felixcloutier.com/x86/index.html]
[www.felixcloutier.com/x86/style.css]
[www.felixcloutier.com/x86/vscatterpf1dps_vscatterpf1qps_vscatterpf1dpd_vscatterpf1qpd.html]
[software.intel.com/en-us/download/intel-64-and-ia-32-architectures-sdm-combined-volumes-1-2a-2b-2c-2d-3a-3b-3c-3d-and-4.html]
[www.felixcloutier.com/x86/aaa.html]
[www.felixcloutier.com/x86/aad.html]
[www.felixcloutier.com/x86/aam.html]
[www.felixcloutier.com/x86/aas.html]
[www.felixcloutier.com/x86/adc.html]
[www.felixcloutier.com/x86/adcx.html]
[www.felixcloutier.com/x86/add.html]
[www.felixcloutier.com/x86/addpd.html]
[www.felixcloutier.com/x86/addps.html]
[www.felixcloutier.com/x86/addsd.html]
[www.felixcloutier.com/x86/addss.html]
[www.felixcloutier.com/x86/addsubpd.html]
[www.felixcloutier.com/x86/addsubps.html]
[www.felixcloutier.com/x86/adox.html]
[www.felixcloutier.com/x86/aesdec.html]
[www.felixcloutier.com/x86/aesdec128kl.html]
[www.felixcloutier.com/x86/aesdec256kl.html]
[www.felixcloutier.com/x86/aesdeclast.html]
[www.felixcloutier.com/x86/aesdecwide128kl.html]
[www.felixcloutier.com/x86/aesdecwide256kl.html]
[www.felixcloutier.com/x86/aesenc.html]
[www.felixcloutier.com/x86/aesenc128kl.html]
[www.felixcloutier.com/x86/aesenc256kl.html]
[www.felixcloutier.com/x86/aesenclast.html]
[www.felixcloutier.com/x86/aesencwide128kl.html]
[www.felixcloutier.com/x86/aesencwide256kl.html]
[www.felixcloutier.com/x86/aesimc.html]
[www.felixcloutier.com/x86/aeskeygenassist.html]
[www.felixcloutier.com/x86/and.html]
[www.felixcloutier.com/x86/andn.html]
[www.felixcloutier.com/x86/andnpd.html]
[www.felixcloutier.com/x86/andnps.html]
[www.felixcloutier.com/x86/andpd.html]
[www.felixcloutier.com/x86/andps.html]
[www.felixcloutier.com/x86/arpl.html]
[www.felixcloutier.com/x86/bextr.html]
[www.felixcloutier.com/x86/blendpd.html]
[www.felixcloutier.com/x86/blendps.html]
[www.felixcloutier.com/x86/blendvpd.html]
[www.felixcloutier.com/x86/blendvps.html]
[www.felixcloutier.com/x86/blsi.html]
[www.felixcloutier.com/x86/blsmsk.html]
[www.felixcloutier.com/x86/blsr.html]
[www.felixcloutier.com/x86/bndcl.html]
[www.felixcloutier.com/x86/bndcu_bndcn.html]
[www.felixcloutier.com/x86/bndldx.html]
[www.felixcloutier.com/x86/bndmk.html]
[www.felixcloutier.com/x86/bndmov.html]
[www.felixcloutier.com/x86/bndstx.html]
[www.felixcloutier.com/x86/bound.html]
[www.felixcloutier.com/x86/bsf.html]
[www.felixcloutier.com/x86/bsr.html]
[www.felixcloutier.com/x86/bswap.html]
[www.felixcloutier.com/x86/bt.html]
[www.felixcloutier.com/x86/btc.html]
[www.felixcloutier.com/x86/btr.html]
[www.felixcloutier.com/x86/bts.html]
[www.felixcloutier.com/x86/bzhi.html]
[www.felixcloutier.com/x86/call.html]
[www.felixcloutier.com/x86/cbw_cwde_cdqe.html]
[www.felixcloutier.com/x86/cwd_cdq_cqo.html]
[www.felixcloutier.com/x86/clac.html]
[www.felixcloutier.com/x86/clc.html]
[www.felixcloutier.com/x86/cld.html]
[www.felixcloutier.com/x86/cldemote.html]
[www.felixcloutier.com/x86/clflush.html]
[www.felixcloutier.com/x86/clflushopt.html]
[www.felixcloutier.com/x86/cli.html]
[www.felixcloutier.com/x86/clrssbsy.html]
[www.felixcloutier.com/x86/clts.html]
[www.felixcloutier.com/x86/clui.html]
[www.felixcloutier.com/x86/clwb.html]
[www.felixcloutier.com/x86/cmc.html]
[www.felixcloutier.com/x86/cmovcc.html]
[www.felixcloutier.com/x86/cmp.html]
[www.felixcloutier.com/x86/cmppd.html]
[www.felixcloutier.com/x86/cmpps.html]
[www.felixcloutier.com/x86/cmps_cmpsb_cmpsw_cmpsd_cmpsq.html]
[www.felixcloutier.com/x86/cmpsd.html]
[www.felixcloutier.com/x86/cmpss.html]
[www.felixcloutier.com/x86/cmpxchg.html]
[www.felixcloutier.com/x86/cmpxchg8b_cmpxchg16b.html]
[www.felixcloutier.com/x86/comisd.html]
[www.felixcloutier.com/x86/comiss.html]
[www.felixcloutier.com/x86/cpuid.html]
[www.felixcloutier.com/x86/crc32.html]
[www.felixcloutier.com/x86/cvtdq2pd.html]
[www.felixcloutier.com/x86/cvtdq2ps.html]
[www.felixcloutier.com/x86/cvtpd2dq.html]
[www.felixcloutier.com/x86/cvtpd2pi.html]
[www.felixcloutier.com/x86/cvtpd2ps.html]
[www.felixcloutier.com/x86/cvtpi2pd.html]
[www.felixcloutier.com/x86/cvtpi2ps.html]
[www.felixcloutier.com/x86/cvtps2dq.html]
[www.felixcloutier.com/x86/cvtps2pd.html]
[www.felixcloutier.com/x86/cvtps2pi.html]
[www.felixcloutier.com/x86/cvtsd2si.html]
[www.felixcloutier.com/x86/cvtsd2ss.html]
[www.felixcloutier.com/x86/cvtsi2sd.html]
[www.felixcloutier.com/x86/cvtsi2ss.html]
[www.felixcloutier.com/x86/cvtss2sd.html]
[www.felixcloutier.com/x86/cvtss2si.html]
[www.felixcloutier.com/x86/cvttpd2dq.html]
[www.felixcloutier.com/x86/cvttpd2pi.html]
[www.felixcloutier.com/x86/cvttps2dq.html]
[www.felixcloutier.com/x86/cvttps2pi.html]
[www.felixcloutier.com/x86/cvttsd2si.html]
[www.felixcloutier.com/x86/cvttss2si.html]
[www.felixcloutier.com/x86/daa.html]
[www.felixcloutier.com/x86/das.html]
[www.felixcloutier.com/x86/dec.html]
[www.felixcloutier.com/x86/div.html]
[www.felixcloutier.com/x86/divpd.html]
[www.felixcloutier.com/x86/divps.html]
[www.felixcloutier.com/x86/divsd.html]
[www.felixcloutier.com/x86/divss.html]
[www.felixcloutier.com/x86/dppd.html]
[www.felixcloutier.com/x86/dpps.html]
[www.felixcloutier.com/x86/emms.html]
[www.felixcloutier.com/x86/encodekey128.html]
[www.felixcloutier.com/x86/encodekey256.html]
[www.felixcloutier.com/x86/endbr32.html]
[www.felixcloutier.com/x86/endbr64.html]
[www.felixcloutier.com/x86/enqcmd.html]
[www.felixcloutier.com/x86/enqcmds.html]
[www.felixcloutier.com/x86/enter.html]
[www.felixcloutier.com/x86/extractps.html]
[www.felixcloutier.com/x86/f2xm1.html]
[www.felixcloutier.com/x86/fabs.html]
[www.felixcloutier.com/x86/fadd_faddp_fiadd.html]
[www.felixcloutier.com/x86/fbld.html]
[www.felixcloutier.com/x86/fbstp.html]
[www.felixcloutier.com/x86/fchs.html]
[www.felixcloutier.com/x86/fclex_fnclex.html]
[www.felixcloutier.com/x86/fcmovcc.html]
[www.felixcloutier.com/x86/fcom_fcomp_fcompp.html]
[www.felixcloutier.com/x86/fcomi_fcomip_fucomi_fucomip.html]
[www.felixcloutier.com/x86/fcos.html]
[www.felixcloutier.com/x86/fdecstp.html]
[www.felixcloutier.com/x86/fdiv_fdivp_fidiv.html]
[www.felixcloutier.com/x86/fdivr_fdivrp_fidivr.html]
[www.felixcloutier.com/x86/ffree.html]
[www.felixcloutier.com/x86/ficom_ficomp.html]
[www.felixcloutier.com/x86/fild.html]
[www.felixcloutier.com/x86/fmul_fmulp_fimul.html]
[www.felixcloutier.com/x86/fincstp.html]
[www.felixcloutier.com/x86/finit_fninit.html]
[www.felixcloutier.com/x86/fist_fistp.html]
[www.felixcloutier.com/x86/fisttp.html]
[www.felixcloutier.com/x86/fsub_fsubp_fisub.html]
[www.felixcloutier.com/x86/fsubr_fsubrp_fisubr.html]
[www.felixcloutier.com/x86/fld.html]
[www.felixcloutier.com/x86/fld1_fldl2t_fldl2e_fldpi_fldlg2_fldln2_fldz.html]
[www.felixcloutier.com/x86/fldcw.html]
[www.felixcloutier.com/x86/fldenv.html]
[www.felixcloutier.com/x86/fnop.html]
[www.felixcloutier.com/x86/fsave_fnsave.html]
[www.felixcloutier.com/x86/fstcw_fnstcw.html]
[www.felixcloutier.com/x86/fstenv_fnstenv.html]
[www.felixcloutier.com/x86/fstsw_fnstsw.html]
[www.felixcloutier.com/x86/fpatan.html]
[www.felixcloutier.com/x86/fprem.html]
[www.felixcloutier.com/x86/fprem1.html]
[www.felixcloutier.com/x86/fptan.html]
[www.felixcloutier.com/x86/frndint.html]
[www.felixcloutier.com/x86/frstor.html]
[www.felixcloutier.com/x86/fscale.html]
[www.felixcloutier.com/x86/fsin.html]
[www.felixcloutier.com/x86/fsincos.html]
[www.felixcloutier.com/x86/fsqrt.html]
[www.felixcloutier.com/x86/fst_fstp.html]
[www.felixcloutier.com/x86/ftst.html]
[www.felixcloutier.com/x86/fucom_fucomp_fucompp.html]
[www.felixcloutier.com/x86/wait_fwait.html]
[www.felixcloutier.com/x86/fxam.html]
[www.felixcloutier.com/x86/fxch.html]
[www.felixcloutier.com/x86/fxrstor.html]
[www.felixcloutier.com/x86/fxsave.html]
[www.felixcloutier.com/x86/fxtract.html]
[www.felixcloutier.com/x86/fyl2x.html]
[www.felixcloutier.com/x86/fyl2xp1.html]
[www.felixcloutier.com/x86/gf2p8affineinvqb.html]
[www.felixcloutier.com/x86/gf2p8affineqb.html]
[www.felixcloutier.com/x86/gf2p8mulb.html]
[www.felixcloutier.com/x86/haddpd.html]
[www.felixcloutier.com/x86/haddps.html]
[www.felixcloutier.com/x86/hlt.html]
[www.felixcloutier.com/x86/hreset.html]
[www.felixcloutier.com/x86/hsubpd.html]
[www.felixcloutier.com/x86/hsubps.html]
[www.felixcloutier.com/x86/idiv.html]
[www.felixcloutier.com/x86/imul.html]
[www.felixcloutier.com/x86/in.html]
[www.felixcloutier.com/x86/inc.html]
[www.felixcloutier.com/x86/incsspd_incsspq.html]
[www.felixcloutier.com/x86/ins_insb_insw_insd.html]
[www.felixcloutier.com/x86/insertps.html]
[www.felixcloutier.com/x86/intn_into_int3_int1.html]
[www.felixcloutier.com/x86/invd.html]
[www.felixcloutier.com/x86/invlpg.html]
[www.felixcloutier.com/x86/invpcid.html]
[www.felixcloutier.com/x86/iret_iretd_iretq.html]
[www.felixcloutier.com/x86/jmp.html]
[www.felixcloutier.com/x86/jcc.html]
[www.felixcloutier.com/x86/kaddw_kaddb_kaddq_kaddd.html]
[www.felixcloutier.com/x86/kandw_kandb_kandq_kandd.html]
[www.felixcloutier.com/x86/kandnw_kandnb_kandnq_kandnd.html]
[www.felixcloutier.com/x86/kmovw_kmovb_kmovq_kmovd.html]
[www.felixcloutier.com/x86/knotw_knotb_knotq_knotd.html]
[www.felixcloutier.com/x86/korw_korb_korq_kord.html]
[www.felixcloutier.com/x86/kortestw_kortestb_kortestq_kortestd.html]
[www.felixcloutier.com/x86/kshiftlw_kshiftlb_kshiftlq_kshiftld.html]
[www.felixcloutier.com/x86/kshiftrw_kshiftrb_kshiftrq_kshiftrd.html]
[www.felixcloutier.com/x86/ktestw_ktestb_ktestq_ktestd.html]
[www.felixcloutier.com/x86/kunpckbw_kunpckwd_kunpckdq.html]
[www.felixcloutier.com/x86/kxnorw_kxnorb_kxnorq_kxnord.html]
[www.felixcloutier.com/x86/kxorw_kxorb_kxorq_kxord.html]
[www.felixcloutier.com/x86/lahf.html]
[www.felixcloutier.com/x86/lar.html]
[www.felixcloutier.com/x86/lddqu.html]
[www.felixcloutier.com/x86/ldmxcsr.html]
[www.felixcloutier.com/x86/lds_les_lfs_lgs_lss.html]
[www.felixcloutier.com/x86/ldtilecfg.html]
[www.felixcloutier.com/x86/lea.html]
[www.felixcloutier.com/x86/leave.html]
[www.felixcloutier.com/x86/lfence.html]
[www.felixcloutier.com/x86/lgdt_lidt.html]
[www.felixcloutier.com/x86/lldt.html]
[www.felixcloutier.com/x86/lmsw.html]
[www.felixcloutier.com/x86/loadiwkey.html]
[www.felixcloutier.com/x86/lock.html]
[www.felixcloutier.com/x86/lods_lodsb_lodsw_lodsd_lodsq.html]
[www.felixcloutier.com/x86/loop_loopcc.html]
[www.felixcloutier.com/x86/lsl.html]
[www.felixcloutier.com/x86/ltr.html]
[www.felixcloutier.com/x86/lzcnt.html]
[www.felixcloutier.com/x86/maskmovdqu.html]
[www.felixcloutier.com/x86/maskmovq.html]
[www.felixcloutier.com/x86/maxpd.html]
[www.felixcloutier.com/x86/maxps.html]
[www.felixcloutier.com/x86/maxsd.html]
[www.felixcloutier.com/x86/maxss.html]
[www.felixcloutier.com/x86/mfence.html]
[www.felixcloutier.com/x86/minpd.html]
[www.felixcloutier.com/x86/minps.html]
[www.felixcloutier.com/x86/minsd.html]
[www.felixcloutier.com/x86/minss.html]
[www.felixcloutier.com/x86/monitor.html]
[www.felixcloutier.com/x86/mov.html]
[www.felixcloutier.com/x86/mov-1.html]
[www.felixcloutier.com/x86/mov-2.html]
[www.felixcloutier.com/x86/movapd.html]
[www.felixcloutier.com/x86/movaps.html]
[www.felixcloutier.com/x86/movbe.html]
[www.felixcloutier.com/x86/movd_movq.html]
[www.felixcloutier.com/x86/movddup.html]
[www.felixcloutier.com/x86/movdir64b.html]
[www.felixcloutier.com/x86/movdiri.html]
[www.felixcloutier.com/x86/movdq2q.html]
[www.felixcloutier.com/x86/movdqa_vmovdqa32_vmovdqa64.html]
[www.felixcloutier.com/x86/movdqu_vmovdqu8_vmovdqu16_vmovdqu32_vmovdqu64.html]
[www.felixcloutier.com/x86/movhlps.html]
[www.felixcloutier.com/x86/movhpd.html]
[www.felixcloutier.com/x86/movhps.html]
[www.felixcloutier.com/x86/movlhps.html]
[www.felixcloutier.com/x86/movlpd.html]
[www.felixcloutier.com/x86/movlps.html]
[www.felixcloutier.com/x86/movmskpd.html]
[www.felixcloutier.com/x86/movmskps.html]
[www.felixcloutier.com/x86/movntdq.html]
[www.felixcloutier.com/x86/movntdqa.html]
[www.felixcloutier.com/x86/movnti.html]
[www.felixcloutier.com/x86/movntpd.html]
[www.felixcloutier.com/x86/movntps.html]
[www.felixcloutier.com/x86/movntq.html]
[www.felixcloutier.com/x86/movq.html]
[www.felixcloutier.com/x86/movq2dq.html]
[www.felixcloutier.com/x86/movs_movsb_movsw_movsd_movsq.html]
[www.felixcloutier.com/x86/movsd.html]
[www.felixcloutier.com/x86/movshdup.html]
[www.felixcloutier.com/x86/movsldup.html]
[www.felixcloutier.com/x86/movss.html]
[www.felixcloutier.com/x86/movsx_movsxd.html]
[www.felixcloutier.com/x86/movupd.html]
[www.felixcloutier.com/x86/movups.html]
[www.felixcloutier.com/x86/movzx.html]
[www.felixcloutier.com/x86/mpsadbw.html]
[www.felixcloutier.com/x86/mul.html]
[www.felixcloutier.com/x86/mulpd.html]
[www.felixcloutier.com/x86/mulps.html]
[www.felixcloutier.com/x86/mulsd.html]
[www.felixcloutier.com/x86/mulss.html]
[www.felixcloutier.com/x86/mulx.html]
[www.felixcloutier.com/x86/mwait.html]
[www.felixcloutier.com/x86/neg.html]
[www.felixcloutier.com/x86/nop.html]
[www.felixcloutier.com/x86/not.html]
[www.felixcloutier.com/x86/or.html]
[www.felixcloutier.com/x86/orpd.html]
[www.felixcloutier.com/x86/orps.html]
[www.felixcloutier.com/x86/out.html]
[www.felixcloutier.com/x86/outs_outsb_outsw_outsd.html]
[www.felixcloutier.com/x86/pabsb_pabsw_pabsd_pabsq.html]
[www.felixcloutier.com/x86/packsswb_packssdw.html]
[www.felixcloutier.com/x86/packusdw.html]
[www.felixcloutier.com/x86/packuswb.html]
[www.felixcloutier.com/x86/paddb_paddw_paddd_paddq.html]
[www.felixcloutier.com/x86/paddsb_paddsw.html]
[www.felixcloutier.com/x86/paddusb_paddusw.html]
[www.felixcloutier.com/x86/palignr.html]
[www.felixcloutier.com/x86/pand.html]
[www.felixcloutier.com/x86/pandn.html]
[www.felixcloutier.com/x86/pause.html]
[www.felixcloutier.com/x86/pavgb_pavgw.html]
[www.felixcloutier.com/x86/pblendvb.html]
[www.felixcloutier.com/x86/pblendw.html]
[www.felixcloutier.com/x86/pclmulqdq.html]
[www.felixcloutier.com/x86/pcmpeqb_pcmpeqw_pcmpeqd.html]
[www.felixcloutier.com/x86/pcmpeqq.html]
[www.felixcloutier.com/x86/pcmpestri.html]
[www.felixcloutier.com/x86/pcmpestrm.html]
[www.felixcloutier.com/x86/pcmpgtb_pcmpgtw_pcmpgtd.html]
[www.felixcloutier.com/x86/pcmpgtq.html]
[www.felixcloutier.com/x86/pcmpistri.html]
[www.felixcloutier.com/x86/pcmpistrm.html]
[www.felixcloutier.com/x86/pconfig.html]
[www.felixcloutier.com/x86/pdep.html]
[www.felixcloutier.com/x86/pext.html]
[www.felixcloutier.com/x86/pextrb_pextrd_pextrq.html]
[www.felixcloutier.com/x86/pextrw.html]
[www.felixcloutier.com/x86/phaddw_phaddd.html]
[www.felixcloutier.com/x86/phaddsw.html]
[www.felixcloutier.com/x86/phminposuw.html]
[www.felixcloutier.com/x86/phsubw_phsubd.html]
[www.felixcloutier.com/x86/phsubsw.html]
[www.felixcloutier.com/x86/pinsrb_pinsrd_pinsrq.html]
[www.felixcloutier.com/x86/pinsrw.html]
[www.felixcloutier.com/x86/pmaddubsw.html]
[www.felixcloutier.com/x86/pmaddwd.html]
[www.felixcloutier.com/x86/pmaxsb_pmaxsw_pmaxsd_pmaxsq.html]
[www.felixcloutier.com/x86/pmaxub_pmaxuw.html]
[www.felixcloutier.com/x86/pmaxud_pmaxuq.html]
[www.felixcloutier.com/x86/pminsb_pminsw.html]
[www.felixcloutier.com/x86/pminsd_pminsq.html]
[www.felixcloutier.com/x86/pminub_pminuw.html]
[www.felixcloutier.com/x86/pminud_pminuq.html]
[www.felixcloutier.com/x86/pmovmskb.html]
[www.felixcloutier.com/x86/pmovsx.html]
[www.felixcloutier.com/x86/pmovzx.html]
[www.felixcloutier.com/x86/pmuldq.html]
[www.felixcloutier.com/x86/pmulhrsw.html]
[www.felixcloutier.com/x86/pmulhuw.html]
[www.felixcloutier.com/x86/pmulhw.html]
[www.felixcloutier.com/x86/pmulld_pmullq.html]
[www.felixcloutier.com/x86/pmullw.html]
[www.felixcloutier.com/x86/pmuludq.html]
[www.felixcloutier.com/x86/pop.html]
[www.felixcloutier.com/x86/popa_popad.html]
[www.felixcloutier.com/x86/popcnt.html]
[www.felixcloutier.com/x86/popf_popfd_popfq.html]
[www.felixcloutier.com/x86/por.html]
[www.felixcloutier.com/x86/prefetchw.html]
[www.felixcloutier.com/x86/prefetchh.html]
[www.felixcloutier.com/x86/psadbw.html]
[www.felixcloutier.com/x86/pshufb.html]
[www.felixcloutier.com/x86/pshufd.html]
[www.felixcloutier.com/x86/pshufhw.html]
[www.felixcloutier.com/x86/pshuflw.html]
[www.felixcloutier.com/x86/pshufw.html]
[www.felixcloutier.com/x86/psignb_psignw_psignd.html]
[www.felixcloutier.com/x86/psllw_pslld_psllq.html]
[www.felixcloutier.com/x86/pslldq.html]
[www.felixcloutier.com/x86/psraw_psrad_psraq.html]
[www.felixcloutier.com/x86/psrlw_psrld_psrlq.html]
[www.felixcloutier.com/x86/psrldq.html]
[www.felixcloutier.com/x86/psubb_psubw_psubd.html]
[www.felixcloutier.com/x86/psubq.html]
[www.felixcloutier.com/x86/psubsb_psubsw.html]
[www.felixcloutier.com/x86/psubusb_psubusw.html]
[www.felixcloutier.com/x86/ptest.html]
[www.felixcloutier.com/x86/ptwrite.html]
[www.felixcloutier.com/x86/punpckhbw_punpckhwd_punpckhdq_punpckhqdq.html]
[www.felixcloutier.com/x86/punpcklbw_punpcklwd_punpckldq_punpcklqdq.html]
[www.felixcloutier.com/x86/push.html]
[www.felixcloutier.com/x86/pusha_pushad.html]
[www.felixcloutier.com/x86/pushf_pushfd_pushfq.html]
[www.felixcloutier.com/x86/pxor.html]
[www.felixcloutier.com/x86/rcl_rcr_rol_ror.html]
[www.felixcloutier.com/x86/rcpps.html]
[www.felixcloutier.com/x86/rcpss.html]
[www.felixcloutier.com/x86/rdfsbase_rdgsbase.html]
[www.felixcloutier.com/x86/rdmsr.html]
[www.felixcloutier.com/x86/rdpid.html]
[www.felixcloutier.com/x86/rdpkru.html]
[www.felixcloutier.com/x86/rdpmc.html]
[www.felixcloutier.com/x86/rdrand.html]
[www.felixcloutier.com/x86/rdseed.html]
[www.felixcloutier.com/x86/rdsspd_rdsspq.html]
[www.felixcloutier.com/x86/rdtsc.html]
[www.felixcloutier.com/x86/rdtscp.html]
[www.felixcloutier.com/x86/rep_repe_repz_repne_repnz.html]
[www.felixcloutier.com/x86/ret.html]
[www.felixcloutier.com/x86/rorx.html]
[www.felixcloutier.com/x86/roundpd.html]
[www.felixcloutier.com/x86/roundps.html]
[www.felixcloutier.com/x86/roundsd.html]
[www.felixcloutier.com/x86/roundss.html]
[www.felixcloutier.com/x86/rsm.html]
[www.felixcloutier.com/x86/rsqrtps.html]
[www.felixcloutier.com/x86/rsqrtss.html]
[www.felixcloutier.com/x86/rstorssp.html]
[www.felixcloutier.com/x86/sahf.html]
[www.felixcloutier.com/x86/sal_sar_shl_shr.html]
[www.felixcloutier.com/x86/sarx_shlx_shrx.html]
[www.felixcloutier.com/x86/saveprevssp.html]
[www.felixcloutier.com/x86/sbb.html]
[www.felixcloutier.com/x86/scas_scasb_scasw_scasd.html]
[www.felixcloutier.com/x86/senduipi.html]
[www.felixcloutier.com/x86/serialize.html]
[www.felixcloutier.com/x86/setssbsy.html]
[www.felixcloutier.com/x86/setcc.html]
[www.felixcloutier.com/x86/sfence.html]
[www.felixcloutier.com/x86/sgdt.html]
[www.felixcloutier.com/x86/sha1msg1.html]
[www.felixcloutier.com/x86/sha1msg2.html]
[www.felixcloutier.com/x86/sha1nexte.html]
[www.felixcloutier.com/x86/sha1rnds4.html]
[www.felixcloutier.com/x86/sha256msg1.html]
[www.felixcloutier.com/x86/sha256msg2.html]
[www.felixcloutier.com/x86/sha256rnds2.html]
[www.felixcloutier.com/x86/shld.html]
[www.felixcloutier.com/x86/shrd.html]
[www.felixcloutier.com/x86/shufpd.html]
[www.felixcloutier.com/x86/shufps.html]
[www.felixcloutier.com/x86/sidt.html]
[www.felixcloutier.com/x86/sldt.html]
[www.felixcloutier.com/x86/smsw.html]
[www.felixcloutier.com/x86/sqrtpd.html]
[www.felixcloutier.com/x86/sqrtps.html]
[www.felixcloutier.com/x86/sqrtsd.html]
[www.felixcloutier.com/x86/sqrtss.html]
[www.felixcloutier.com/x86/stac.html]
[www.felixcloutier.com/x86/stc.html]
[www.felixcloutier.com/x86/std.html]
[www.felixcloutier.com/x86/sti.html]
[www.felixcloutier.com/x86/stmxcsr.html]
[www.felixcloutier.com/x86/stos_stosb_stosw_stosd_stosq.html]
[www.felixcloutier.com/x86/str.html]
[www.felixcloutier.com/x86/sttilecfg.html]
[www.felixcloutier.com/x86/stui.html]
[www.felixcloutier.com/x86/sub.html]
[www.felixcloutier.com/x86/subpd.html]
[www.felixcloutier.com/x86/subps.html]
[www.felixcloutier.com/x86/subsd.html]
[www.felixcloutier.com/x86/subss.html]
[www.felixcloutier.com/x86/swapgs.html]
[www.felixcloutier.com/x86/syscall.html]
[www.felixcloutier.com/x86/sysenter.html]
[www.felixcloutier.com/x86/sysexit.html]
[www.felixcloutier.com/x86/sysret.html]
[www.felixcloutier.com/x86/tdpbf16ps.html]
[www.felixcloutier.com/x86/tdpbssd_tdpbsud_tdpbusd_tdpbuud.html]
[www.felixcloutier.com/x86/test.html]
[www.felixcloutier.com/x86/testui.html]
[www.felixcloutier.com/x86/tileloadd_tileloaddt1.html]
[www.felixcloutier.com/x86/tilerelease.html]
[www.felixcloutier.com/x86/tilestored.html]
[www.felixcloutier.com/x86/tilezero.html]
[www.felixcloutier.com/x86/tpause.html]
[www.felixcloutier.com/x86/tzcnt.html]
[www.felixcloutier.com/x86/ucomisd.html]
[www.felixcloutier.com/x86/ucomiss.html]
[www.felixcloutier.com/x86/ud.html]
[www.felixcloutier.com/x86/uiret.html]
[www.felixcloutier.com/x86/umonitor.html]
[www.felixcloutier.com/x86/umwait.html]
[www.felixcloutier.com/x86/unpckhpd.html]
[www.felixcloutier.com/x86/unpckhps.html]
[www.felixcloutier.com/x86/unpcklpd.html]
[www.felixcloutier.com/x86/unpcklps.html]
[www.felixcloutier.com/x86/vaddph.html]
[www.felixcloutier.com/x86/vaddsh.html]
[www.felixcloutier.com/x86/valignd_valignq.html]
[www.felixcloutier.com/x86/vblendmpd_vblendmps.html]
[www.felixcloutier.com/x86/vbroadcast.html]
[www.felixcloutier.com/x86/vcmpph.html]
[www.felixcloutier.com/x86/vcmpsh.html]
[www.felixcloutier.com/x86/vcomish.html]
[www.felixcloutier.com/x86/vcompresspd.html]
[www.felixcloutier.com/x86/vcompressps.html]
[www.felixcloutier.com/x86/vpcompressb_vcompressw.html]
[www.felixcloutier.com/x86/vcvtdq2ph.html]
[www.felixcloutier.com/x86/vcvtne2ps2bf16.html]
[www.felixcloutier.com/x86/vcvtneps2bf16.html]
[www.felixcloutier.com/x86/vcvtpd2ph.html]
[www.felixcloutier.com/x86/vcvtpd2qq.html]
[www.felixcloutier.com/x86/vcvtpd2udq.html]
[www.felixcloutier.com/x86/vcvtpd2uqq.html]
[www.felixcloutier.com/x86/vcvtph2dq.html]
[www.felixcloutier.com/x86/vcvtph2pd.html]
[www.felixcloutier.com/x86/vcvtph2ps_vcvtph2psx.html]
[www.felixcloutier.com/x86/vcvtph2qq.html]
[www.felixcloutier.com/x86/vcvtph2udq.html]
[www.felixcloutier.com/x86/vcvtph2uqq.html]
[www.felixcloutier.com/x86/vcvtph2uw.html]
[www.felixcloutier.com/x86/vcvtph2w.html]
[www.felixcloutier.com/x86/vcvtps2ph.html]
[www.felixcloutier.com/x86/vcvtps2phx.html]
[www.felixcloutier.com/x86/vcvtps2qq.html]
[www.felixcloutier.com/x86/vcvtps2udq.html]
[www.felixcloutier.com/x86/vcvtps2uqq.html]
[www.felixcloutier.com/x86/vcvtqq2pd.html]
[www.felixcloutier.com/x86/vcvtqq2ph.html]
[www.felixcloutier.com/x86/vcvtqq2ps.html]
[www.felixcloutier.com/x86/vcvtsd2sh.html]
[www.felixcloutier.com/x86/vcvtsd2usi.html]
[www.felixcloutier.com/x86/vcvtsh2sd.html]
[www.felixcloutier.com/x86/vcvtsh2si.html]
[www.felixcloutier.com/x86/vcvtsh2ss.html]
[www.felixcloutier.com/x86/vcvtsh2usi.html]
[www.felixcloutier.com/x86/vcvtsi2sh.html]
[www.felixcloutier.com/x86/vcvtss2sh.html]
[www.felixcloutier.com/x86/vcvtss2usi.html]
[www.felixcloutier.com/x86/vcvttpd2qq.html]
[www.felixcloutier.com/x86/vcvttpd2udq.html]
[www.felixcloutier.com/x86/vcvttpd2uqq.html]
[www.felixcloutier.com/x86/vcvttph2dq.html]
[www.felixcloutier.com/x86/vcvttph2qq.html]
[www.felixcloutier.com/x86/vcvttph2udq.html]
[www.felixcloutier.com/x86/vcvttph2uqq.html]
[www.felixcloutier.com/x86/vcvttph2uw.html]
[www.felixcloutier.com/x86/vcvttph2w.html]
[www.felixcloutier.com/x86/vcvttps2qq.html]
[www.felixcloutier.com/x86/vcvttps2udq.html]
[www.felixcloutier.com/x86/vcvttps2uqq.html]
[www.felixcloutier.com/x86/vcvttsd2usi.html]
[www.felixcloutier.com/x86/vcvttsh2si.html]
[www.felixcloutier.com/x86/vcvttsh2usi.html]
[www.felixcloutier.com/x86/vcvttss2usi.html]
[www.felixcloutier.com/x86/vcvtudq2pd.html]
[www.felixcloutier.com/x86/vcvtudq2ph.html]
[www.felixcloutier.com/x86/vcvtudq2ps.html]
[www.felixcloutier.com/x86/vcvtuqq2pd.html]
[www.felixcloutier.com/x86/vcvtuqq2ph.html]
[www.felixcloutier.com/x86/vcvtuqq2ps.html]
[www.felixcloutier.com/x86/vcvtusi2sd.html]
[www.felixcloutier.com/x86/vcvtusi2sh.html]
[www.felixcloutier.com/x86/vcvtusi2ss.html]
[www.felixcloutier.com/x86/vcvtuw2ph.html]
[www.felixcloutier.com/x86/vcvtw2ph.html]
[www.felixcloutier.com/x86/vdbpsadbw.html]
[www.felixcloutier.com/x86/vdivph.html]
[www.felixcloutier.com/x86/vdivsh.html]
[www.felixcloutier.com/x86/vdpbf16ps.html]
[www.felixcloutier.com/x86/verr_verw.html]
[www.felixcloutier.com/x86/vexpandpd.html]
[www.felixcloutier.com/x86/vexpandps.html]
[www.felixcloutier.com/x86/vextractf128_vextractf32x4_vextractf64x2_vextractf32x8_vextractf64x4.html]
[www.felixcloutier.com/x86/vextracti128_vextracti32x4_vextracti64x2_vextracti32x8_vextracti64x4.html]
[www.felixcloutier.com/x86/vfcmaddcph_vfmaddcph.html]
[www.felixcloutier.com/x86/vfcmaddcsh_vfmaddcsh.html]
[www.felixcloutier.com/x86/vfcmulcph_vfmulcph.html]
[www.felixcloutier.com/x86/vfcmulcsh_vfmulcsh.html]
[www.felixcloutier.com/x86/vfixupimmpd.html]
[www.felixcloutier.com/x86/vfixupimmps.html]
[www.felixcloutier.com/x86/vfixupimmsd.html]
[www.felixcloutier.com/x86/vfixupimmss.html]
[www.felixcloutier.com/x86/vfmadd132pd_vfmadd213pd_vfmadd231pd.html]
[www.felixcloutier.com/x86/vfmadd132ph_vfnmadd132ph_vfmadd213ph_vfnmadd213ph_vfmadd231ph_vfnmadd231ph.html]
[www.felixcloutier.com/x86/vfmadd132ps_vfmadd213ps_vfmadd231ps.html]
[www.felixcloutier.com/x86/vfmadd132sd_vfmadd213sd_vfmadd231sd.html]
[www.felixcloutier.com/x86/vfmadd132sh_vfnmadd132sh_vfmadd213sh_vfnmadd213sh_vfmadd231sh_vfnmadd231sh.html]
[www.felixcloutier.com/x86/vfmadd132ss_vfmadd213ss_vfmadd231ss.html]
[www.felixcloutier.com/x86/vfmaddrnd231pd.html]
[www.felixcloutier.com/x86/vfmaddsub132pd_vfmaddsub213pd_vfmaddsub231pd.html]
[www.felixcloutier.com/x86/vfmaddsub132ph_vfmaddsub213ph_vfmaddsub231ph.html]
[www.felixcloutier.com/x86/vfmaddsub132ps_vfmaddsub213ps_vfmaddsub231ps.html]
[www.felixcloutier.com/x86/vfmsub132pd_vfmsub213pd_vfmsub231pd.html]
[www.felixcloutier.com/x86/vfmsub132ph_vfnmsub132ph_vfmsub213ph_vfnmsub213ph_vfmsub231ph_vfnmsub231ph.html]
[www.felixcloutier.com/x86/vfmsub132ps_vfmsub213ps_vfmsub231ps.html]
[www.felixcloutier.com/x86/vfmsub132sd_vfmsub213sd_vfmsub231sd.html]
[www.felixcloutier.com/x86/vfmsub132sh_vfnmsub132sh_vfmsub213sh_vfnmsub213sh_vfmsub231sh_vfnmsub231sh.html]
[www.felixcloutier.com/x86/vfmsub132ss_vfmsub213ss_vfmsub231ss.html]
[www.felixcloutier.com/x86/vfmsubadd132pd_vfmsubadd213pd_vfmsubadd231pd.html]
[www.felixcloutier.com/x86/vfmsubadd132ph_vfmsubadd213ph_vfmsubadd231ph.html]
[www.felixcloutier.com/x86/vfmsubadd132ps_vfmsubadd213ps_vfmsubadd231ps.html]
[www.felixcloutier.com/x86/vfnmadd132pd_vfnmadd213pd_vfnmadd231pd.html]
[www.felixcloutier.com/x86/vfnmadd132ps_vfnmadd213ps_vfnmadd231ps.html]
[www.felixcloutier.com/x86/vfnmadd132sd_vfnmadd213sd_vfnmadd231sd.html]
[www.felixcloutier.com/x86/vfnmadd132ss_vfnmadd213ss_vfnmadd231ss.html]
[www.felixcloutier.com/x86/vfnmsub132pd_vfnmsub213pd_vfnmsub231pd.html]
[www.felixcloutier.com/x86/vfnmsub132ps_vfnmsub213ps_vfnmsub231ps.html]
[www.felixcloutier.com/x86/vfnmsub132sd_vfnmsub213sd_vfnmsub231sd.html]
[www.felixcloutier.com/x86/vfnmsub132ss_vfnmsub213ss_vfnmsub231ss.html]
[www.felixcloutier.com/x86/vfpclasspd.html]
[www.felixcloutier.com/x86/vfpclassph.html]
[www.felixcloutier.com/x86/vfpclassps.html]
[www.felixcloutier.com/x86/vfpclasssd.html]
[www.felixcloutier.com/x86/vfpclasssh.html]
[www.felixcloutier.com/x86/vfpclassss.html]
[www.felixcloutier.com/x86/vgatherdpd_vgatherqpd.html]
[www.felixcloutier.com/x86/vgatherdps_vgatherdpd.html]
[www.felixcloutier.com/x86/vgatherdps_vgatherqps.html]
[www.felixcloutier.com/x86/vgatherqps_vgatherqpd.html]
[www.felixcloutier.com/x86/vgetexppd.html]
[www.felixcloutier.com/x86/vgetexpph.html]
[www.felixcloutier.com/x86/vgetexpps.html]
[www.felixcloutier.com/x86/vgetexpsd.html]
[www.felixcloutier.com/x86/vgetexpsh.html]
[www.felixcloutier.com/x86/vgetexpss.html]
[www.felixcloutier.com/x86/vgetmantpd.html]
[www.felixcloutier.com/x86/vgetmantph.html]
[www.felixcloutier.com/x86/vgetmantps.html]
[www.felixcloutier.com/x86/vgetmantsd.html]
[www.felixcloutier.com/x86/vgetmantsh.html]
[www.felixcloutier.com/x86/vgetmantss.html]
[www.felixcloutier.com/x86/vinsertf128_vinsertf32x4_vinsertf64x2_vinsertf32x8_vinsertf64x4.html]
[www.felixcloutier.com/x86/vinserti128_vinserti32x4_vinserti64x2_vinserti32x8_vinserti64x4.html]
[www.felixcloutier.com/x86/vmaskmov.html]
[www.felixcloutier.com/x86/vmaxph.html]
[www.felixcloutier.com/x86/vmaxsh.html]
[www.felixcloutier.com/x86/vminph.html]
[www.felixcloutier.com/x86/vminsh.html]
[www.felixcloutier.com/x86/vmovsh.html]
[www.felixcloutier.com/x86/vmovw.html]
[www.felixcloutier.com/x86/vmulph.html]
[www.felixcloutier.com/x86/vmulsh.html]
[www.felixcloutier.com/x86/vp2intersectd_vp2intersectq.html]
[www.felixcloutier.com/x86/vpblendd.html]
[www.felixcloutier.com/x86/vpblendmb_vpblendmw.html]
[www.felixcloutier.com/x86/vpblendmd_vpblendmq.html]
[www.felixcloutier.com/x86/vpbroadcast.html]
[www.felixcloutier.com/x86/vpbroadcastb_vpbroadcastw_vpbroadcastd_vpbroadcastq.html]
[www.felixcloutier.com/x86/vpbroadcastm.html]
[www.felixcloutier.com/x86/vpcmpb_vpcmpub.html]
[www.felixcloutier.com/x86/vpcmpd_vpcmpud.html]
[www.felixcloutier.com/x86/vpcmpq_vpcmpuq.html]
[www.felixcloutier.com/x86/vpcmpw_vpcmpuw.html]
[www.felixcloutier.com/x86/vpcompressd.html]
[www.felixcloutier.com/x86/vpcompressq.html]
[www.felixcloutier.com/x86/vpconflictd_vpconflictq.html]
[www.felixcloutier.com/x86/vpdpbusd.html]
[www.felixcloutier.com/x86/vpdpbusds.html]
[www.felixcloutier.com/x86/vpdpwssd.html]
[www.felixcloutier.com/x86/vpdpwssds.html]
[www.felixcloutier.com/x86/vperm2f128.html]
[www.felixcloutier.com/x86/vperm2i128.html]
[www.felixcloutier.com/x86/vpermb.html]
[www.felixcloutier.com/x86/vpermd_vpermw.html]
[www.felixcloutier.com/x86/vpermi2b.html]
[www.felixcloutier.com/x86/vpermi2w_vpermi2d_vpermi2q_vpermi2ps_vpermi2pd.html]
[www.felixcloutier.com/x86/vpermilpd.html]
[www.felixcloutier.com/x86/vpermilps.html]
[www.felixcloutier.com/x86/vpermpd.html]
[www.felixcloutier.com/x86/vpermps.html]
[www.felixcloutier.com/x86/vpermq.html]
[www.felixcloutier.com/x86/vpermt2b.html]
[www.felixcloutier.com/x86/vpermt2w_vpermt2d_vpermt2q_vpermt2ps_vpermt2pd.html]
[www.felixcloutier.com/x86/vpexpandb_vpexpandw.html]
[www.felixcloutier.com/x86/vpexpandd.html]
[www.felixcloutier.com/x86/vpexpandq.html]
[www.felixcloutier.com/x86/vpgatherdd_vpgatherqd.html]
[www.felixcloutier.com/x86/vpgatherdd_vpgatherdq.html]
[www.felixcloutier.com/x86/vpgatherdq_vpgatherqq.html]
[www.felixcloutier.com/x86/vpgatherqd_vpgatherqq.html]
[www.felixcloutier.com/x86/vplzcntd_vplzcntq.html]
[www.felixcloutier.com/x86/vpmadd52huq.html]
[www.felixcloutier.com/x86/vpmadd52luq.html]
[www.felixcloutier.com/x86/vpmaskmov.html]
[www.felixcloutier.com/x86/vpmovb2m_vpmovw2m_vpmovd2m_vpmovq2m.html]
[www.felixcloutier.com/x86/vpmovdb_vpmovsdb_vpmovusdb.html]
[www.felixcloutier.com/x86/vpmovdw_vpmovsdw_vpmovusdw.html]
[www.felixcloutier.com/x86/vpmovm2b_vpmovm2w_vpmovm2d_vpmovm2q.html]
[www.felixcloutier.com/x86/vpmovqb_vpmovsqb_vpmovusqb.html]
[www.felixcloutier.com/x86/vpmovqd_vpmovsqd_vpmovusqd.html]
[www.felixcloutier.com/x86/vpmovqw_vpmovsqw_vpmovusqw.html]
[www.felixcloutier.com/x86/vpmovwb_vpmovswb_vpmovuswb.html]
[www.felixcloutier.com/x86/vpmultishiftqb.html]
[www.felixcloutier.com/x86/vpopcnt.html]
[www.felixcloutier.com/x86/vprold_vprolvd_vprolq_vprolvq.html]
[www.felixcloutier.com/x86/vprord_vprorvd_vprorq_vprorvq.html]
[www.felixcloutier.com/x86/vpscatterdd_vpscatterdq_vpscatterqd_vpscatterqq.html]
[www.felixcloutier.com/x86/vpshld.html]
[www.felixcloutier.com/x86/vpshldv.html]
[www.felixcloutier.com/x86/vpshrd.html]
[www.felixcloutier.com/x86/vpshrdv.html]
[www.felixcloutier.com/x86/vpshufbitqmb.html]
[www.felixcloutier.com/x86/vpsllvw_vpsllvd_vpsllvq.html]
[www.felixcloutier.com/x86/vpsravw_vpsravd_vpsravq.html]
[www.felixcloutier.com/x86/vpsrlvw_vpsrlvd_vpsrlvq.html]
[www.felixcloutier.com/x86/vpternlogd_vpternlogq.html]
[www.felixcloutier.com/x86/vptestmb_vptestmw_vptestmd_vptestmq.html]
[www.felixcloutier.com/x86/vptestnmb_vptestnmw_vptestnmd_vptestnmq.html]
[www.felixcloutier.com/x86/vrangepd.html]
[www.felixcloutier.com/x86/vrangeps.html]
[www.felixcloutier.com/x86/vrangesd.html]
[www.felixcloutier.com/x86/vrangess.html]
[www.felixcloutier.com/x86/vrcp14pd.html]
[www.felixcloutier.com/x86/vrcp14ps.html]
[www.felixcloutier.com/x86/vrcp14sd.html]
[www.felixcloutier.com/x86/vrcp14ss.html]
[www.felixcloutier.com/x86/vrcpph.html]
[www.felixcloutier.com/x86/vrcpsh.html]
[www.felixcloutier.com/x86/vreducepd.html]
[www.felixcloutier.com/x86/vreduceph.html]
[www.felixcloutier.com/x86/vreduceps.html]
[www.felixcloutier.com/x86/vreducesd.html]
[www.felixcloutier.com/x86/vreducesh.html]
[www.felixcloutier.com/x86/vreducess.html]
[www.felixcloutier.com/x86/vrndscalepd.html]
[www.felixcloutier.com/x86/vrndscaleph.html]
[www.felixcloutier.com/x86/vrndscaleps.html]
[www.felixcloutier.com/x86/vrndscalesd.html]
[www.felixcloutier.com/x86/vrndscalesh.html]
[www.felixcloutier.com/x86/vrndscaless.html]
[www.felixcloutier.com/x86/vrsqrt14pd.html]
[www.felixcloutier.com/x86/vrsqrt14ps.html]
[www.felixcloutier.com/x86/vrsqrt14sd.html]
[www.felixcloutier.com/x86/vrsqrt14ss.html]
[www.felixcloutier.com/x86/vrsqrtph.html]
[www.felixcloutier.com/x86/vrsqrtsh.html]
[www.felixcloutier.com/x86/vscalefpd.html]
[www.felixcloutier.com/x86/vscalefph.html]
[www.felixcloutier.com/x86/vscalefps.html]
[www.felixcloutier.com/x86/vscalefsd.html]
[www.felixcloutier.com/x86/vscalefsh.html]
[www.felixcloutier.com/x86/vscalefss.html]
[www.felixcloutier.com/x86/vscatterdps_vscatterdpd_vscatterqps_vscatterqpd.html]
[www.felixcloutier.com/x86/vshuff32x4_vshuff64x2_vshufi32x4_vshufi64x2.html]
[www.felixcloutier.com/x86/vsqrtph.html]
[www.felixcloutier.com/x86/vsqrtsh.html]
[www.felixcloutier.com/x86/vsubph.html]
[www.felixcloutier.com/x86/vsubsh.html]
[www.felixcloutier.com/x86/vtestpd_vtestps.html]
[www.felixcloutier.com/x86/vucomish.html]
[www.felixcloutier.com/x86/vzeroall.html]
[www.felixcloutier.com/x86/vzeroupper.html]
[www.felixcloutier.com/x86/wbinvd.html]
[www.felixcloutier.com/x86/wbnoinvd.html]
[www.felixcloutier.com/x86/wrfsbase_wrgsbase.html]
[www.felixcloutier.com/x86/wrmsr.html]
[www.felixcloutier.com/x86/wrpkru.html]
[www.felixcloutier.com/x86/wrssd_wrssq.html]
[www.felixcloutier.com/x86/wrussd_wrussq.html]
[www.felixcloutier.com/x86/xabort.html]
[www.felixcloutier.com/x86/xacquire_xrelease.html]
[www.felixcloutier.com/x86/xadd.html]
[www.felixcloutier.com/x86/xbegin.html]
[www.felixcloutier.com/x86/xchg.html]
[www.felixcloutier.com/x86/xend.html]
[www.felixcloutier.com/x86/xgetbv.html]
[www.felixcloutier.com/x86/xlat_xlatb.html]
[www.felixcloutier.com/x86/xor.html]
[www.felixcloutier.com/x86/xorpd.html]
[www.felixcloutier.com/x86/xorps.html]
[www.felixcloutier.com/x86/xresldtrk.html]
[www.felixcloutier.com/x86/xrstor.html]
[www.felixcloutier.com/x86/xrstors.html]
[www.felixcloutier.com/x86/xsave.html]
[www.felixcloutier.com/x86/xsavec.html]
[www.felixcloutier.com/x86/xsaveopt.html]
[www.felixcloutier.com/x86/xsaves.html]
[www.felixcloutier.com/x86/xsetbv.html]
[www.felixcloutier.com/x86/xsusldtrk.html]
[www.felixcloutier.com/x86/xtest.html]
[www.felixcloutier.com/x86/encls.html]
[www.felixcloutier.com/x86/eadd.html]
[www.felixcloutier.com/x86/eaug.html]
[www.felixcloutier.com/x86/eblock.html]
[www.felixcloutier.com/x86/ecreate.html]
[www.felixcloutier.com/x86/edbgrd.html]
[www.felixcloutier.com/x86/edbgwr.html]
[www.felixcloutier.com/x86/eextend.html]
[www.felixcloutier.com/x86/einit.html]
[www.felixcloutier.com/x86/eldb_eldu_eldbc_elduc.html]
[www.felixcloutier.com/x86/emodpr.html]
[www.felixcloutier.com/x86/emodt.html]
[www.felixcloutier.com/x86/epa.html]
[www.felixcloutier.com/x86/erdinfo.html]
[www.felixcloutier.com/x86/eremove.html]
[www.felixcloutier.com/x86/etrackc.html]
[www.felixcloutier.com/x86/etrack.html]
[www.felixcloutier.com/x86/ewb.html]
[www.felixcloutier.com/x86/enclu.html]
[www.felixcloutier.com/x86/eacceptcopy.html]
[www.felixcloutier.com/x86/eaccept.html]
[www.felixcloutier.com/x86/edeccssa.html]
[www.felixcloutier.com/x86/eenter.html]
[www.felixcloutier.com/x86/eexit.html]
[www.felixcloutier.com/x86/egetkey.html]
[www.felixcloutier.com/x86/emodpe.html]
[www.felixcloutier.com/x86/ereport.html]
[www.felixcloutier.com/x86/eresume.html]
[www.felixcloutier.com/x86/enclv.html]
[www.felixcloutier.com/x86/edecvirtchild.html]
[www.felixcloutier.com/x86/eincvirtchild.html]
[www.felixcloutier.com/x86/esetcontext.html]
[www.felixcloutier.com/x86/capabilities.html]
[www.felixcloutier.com/x86/enteraccs.html]
[www.felixcloutier.com/x86/exitac.html]
[www.felixcloutier.com/x86/parameters.html]
[www.felixcloutier.com/x86/senter.html]
[www.felixcloutier.com/x86/sexit.html]
[www.felixcloutier.com/x86/smctrl.html]
[www.felixcloutier.com/x86/wakeup.html]
[www.felixcloutier.com/x86/invept.html]
[www.felixcloutier.com/x86/invvpid.html]
[www.felixcloutier.com/x86/vmcall.html]
[www.felixcloutier.com/x86/vmclear.html]
[www.felixcloutier.com/x86/vmfunc.html]
[www.felixcloutier.com/x86/vmlaunch_vmresume.html]
[www.felixcloutier.com/x86/vmptrld.html]
[www.felixcloutier.com/x86/vmptrst.html]
[www.felixcloutier.com/x86/vmread.html]
[www.felixcloutier.com/x86/vmresume.html]
[www.felixcloutier.com/x86/vmwrite.html]
[www.felixcloutier.com/x86/vmxoff.html]
[www.felixcloutier.com/x86/vmxon.html]
[www.felixcloutier.com/x86/prefetchwt1.html]
[www.felixcloutier.com/x86/v4fmaddps_v4fnmaddps.html]
[www.felixcloutier.com/x86/v4fmaddss_v4fnmaddss.html]
[www.felixcloutier.com/x86/vexp2pd.html]
[www.felixcloutier.com/x86/vexp2ps.html]
[www.felixcloutier.com/x86/vgatherpf0dps_vgatherpf0qps_vgatherpf0dpd_vgatherpf0qpd.html]
[www.felixcloutier.com/x86/vgatherpf1dps_vgatherpf1qps_vgatherpf1dpd_vgatherpf1qpd.html]
[www.felixcloutier.com/x86/vp4dpwssd.html]
[www.felixcloutier.com/x86/vp4dpwssds.html]
[www.felixcloutier.com/x86/vrcp28pd.html]
[www.felixcloutier.com/x86/vrcp28ps.html]
[www.felixcloutier.com/x86/vrcp28sd.html]
[www.felixcloutier.com/x86/vrcp28ss.html]
[www.felixcloutier.com/x86/vrsqrt28pd.html]
[www.felixcloutier.com/x86/vrsqrt28ps.html]
[www.felixcloutier.com/x86/vrsqrt28sd.html]
[www.felixcloutier.com/x86/vrsqrt28ss.html]
[www.felixcloutier.com/x86/vscatterpf0dps_vscatterpf0qps_vscatterpf0dpd_vscatterpf0qpd.html]
[www.felixcloutier.com/x86/vscatterpf1dps_vscatterpf1qps_vscatterpf1dpd_vscatterpf1qpd.html]
