[backblue.gif]
[fade.gif]
[index.html]
[c9x.me/x86/icon/siyobik.ico]
[c9x.me/x86/index.html]
[c9x.me/x86/style/style.css]
[c9x.me/x86/html/file_module_x86_id_1.html]
[c9x.me/x86/html/file_module_x86_id_2.html]
[c9x.me/x86/html/file_module_x86_id_3.html]
[c9x.me/x86/html/file_module_x86_id_4.html]
[c9x.me/x86/html/file_module_x86_id_5.html]
[c9x.me/x86/html/file_module_x86_id_6.html]
[c9x.me/x86/html/file_module_x86_id_7.html]
[c9x.me/x86/html/file_module_x86_id_8.html]
[c9x.me/x86/html/file_module_x86_id_9.html]
[c9x.me/x86/html/file_module_x86_id_10.html]
[c9x.me/x86/html/file_module_x86_id_11.html]
[c9x.me/x86/html/file_module_x86_id_12.html]
[c9x.me/x86/html/file_module_x86_id_13.html]
[c9x.me/x86/html/file_module_x86_id_14.html]
[c9x.me/x86/html/file_module_x86_id_15.html]
[c9x.me/x86/html/file_module_x86_id_16.html]
[c9x.me/x86/html/file_module_x86_id_17.html]
[c9x.me/x86/html/file_module_x86_id_18.html]
[c9x.me/x86/html/file_module_x86_id_19.html]
[c9x.me/x86/html/file_module_x86_id_20.html]
[c9x.me/x86/html/file_module_x86_id_21.html]
[c9x.me/x86/html/file_module_x86_id_22.html]
[c9x.me/x86/html/file_module_x86_id_23.html]
[c9x.me/x86/html/file_module_x86_id_24.html]
[c9x.me/x86/html/file_module_x86_id_25.html]
[c9x.me/x86/html/file_module_x86_id_26.html]
[c9x.me/x86/html/file_module_x86_id_27.html]
[c9x.me/x86/html/file_module_x86_id_28.html]
[c9x.me/x86/html/file_module_x86_id_29.html]
[c9x.me/x86/html/file_module_x86_id_30.html]
[c9x.me/x86/html/file_module_x86_id_31.html]
[c9x.me/x86/html/file_module_x86_id_32.html]
[c9x.me/x86/html/file_module_x86_id_33.html]
[c9x.me/x86/html/file_module_x86_id_34.html]
[c9x.me/x86/html/file_module_x86_id_35.html]
[c9x.me/x86/html/file_module_x86_id_36.html]
[c9x.me/x86/html/file_module_x86_id_37.html]
[c9x.me/x86/html/file_module_x86_id_38.html]
[c9x.me/x86/html/file_module_x86_id_39.html]
[c9x.me/x86/html/file_module_x86_id_40.html]
[c9x.me/x86/html/file_module_x86_id_41.html]
[c9x.me/x86/html/file_module_x86_id_42.html]
[c9x.me/x86/html/file_module_x86_id_43.html]
[c9x.me/x86/html/file_module_x86_id_44.html]
[c9x.me/x86/html/file_module_x86_id_45.html]
[c9x.me/x86/html/file_module_x86_id_46.html]
[c9x.me/x86/html/file_module_x86_id_47.html]
[c9x.me/x86/html/file_module_x86_id_48.html]
[c9x.me/x86/html/file_module_x86_id_49.html]
[c9x.me/x86/html/file_module_x86_id_50.html]
[c9x.me/x86/html/file_module_x86_id_51.html]
[c9x.me/x86/html/file_module_x86_id_52.html]
[c9x.me/x86/html/file_module_x86_id_53.html]
[c9x.me/x86/html/file_module_x86_id_54.html]
[c9x.me/x86/html/file_module_x86_id_55.html]
[c9x.me/x86/html/file_module_x86_id_56.html]
[c9x.me/x86/html/file_module_x86_id_57.html]
[c9x.me/x86/html/file_module_x86_id_58.html]
[c9x.me/x86/html/file_module_x86_id_59.html]
[c9x.me/x86/html/file_module_x86_id_60.html]
[c9x.me/x86/html/file_module_x86_id_61.html]
[c9x.me/x86/html/file_module_x86_id_62.html]
[c9x.me/x86/html/file_module_x86_id_63.html]
[c9x.me/x86/html/file_module_x86_id_64.html]
[c9x.me/x86/html/file_module_x86_id_65.html]
[c9x.me/x86/html/file_module_x86_id_66.html]
[c9x.me/x86/html/file_module_x86_id_67.html]
[c9x.me/x86/html/file_module_x86_id_68.html]
[c9x.me/x86/html/file_module_x86_id_69.html]
[c9x.me/x86/html/file_module_x86_id_70.html]
[c9x.me/x86/html/file_module_x86_id_71.html]
[c9x.me/x86/html/file_module_x86_id_72.html]
[c9x.me/x86/html/file_module_x86_id_73.html]
[c9x.me/x86/html/file_module_x86_id_74.html]
[c9x.me/x86/html/file_module_x86_id_75.html]
[c9x.me/x86/html/file_module_x86_id_76.html]
[c9x.me/x86/html/file_module_x86_id_77.html]
[c9x.me/x86/html/file_module_x86_id_78.html]
[c9x.me/x86/html/file_module_x86_id_79.html]
[c9x.me/x86/html/file_module_x86_id_80.html]
[c9x.me/x86/html/file_module_x86_id_81.html]
[c9x.me/x86/html/file_module_x86_id_82.html]
[c9x.me/x86/html/file_module_x86_id_83.html]
[c9x.me/x86/html/file_module_x86_id_84.html]
[c9x.me/x86/html/file_module_x86_id_85.html]
[c9x.me/x86/html/file_module_x86_id_86.html]
[c9x.me/x86/html/file_module_x86_id_87.html]
[c9x.me/x86/html/file_module_x86_id_88.html]
[c9x.me/x86/html/file_module_x86_id_89.html]
[c9x.me/x86/html/file_module_x86_id_90.html]
[c9x.me/x86/html/file_module_x86_id_91.html]
[c9x.me/x86/html/file_module_x86_id_92.html]
[c9x.me/x86/html/file_module_x86_id_93.html]
[c9x.me/x86/html/file_module_x86_id_94.html]
[c9x.me/x86/html/file_module_x86_id_95.html]
[c9x.me/x86/html/file_module_x86_id_96.html]
[c9x.me/x86/html/file_module_x86_id_97.html]
[c9x.me/x86/html/file_module_x86_id_98.html]
[c9x.me/x86/html/file_module_x86_id_99.html]
[c9x.me/x86/html/file_module_x86_id_100.html]
[c9x.me/x86/html/file_module_x86_id_101.html]
[c9x.me/x86/html/file_module_x86_id_102.html]
[c9x.me/x86/html/file_module_x86_id_103.html]
[c9x.me/x86/html/file_module_x86_id_104.html]
[c9x.me/x86/html/file_module_x86_id_105.html]
[c9x.me/x86/html/file_module_x86_id_106.html]
[c9x.me/x86/html/file_module_x86_id_107.html]
[c9x.me/x86/html/file_module_x86_id_108.html]
[c9x.me/x86/html/file_module_x86_id_109.html]
[c9x.me/x86/html/file_module_x86_id_110.html]
[c9x.me/x86/html/file_module_x86_id_111.html]
[c9x.me/x86/html/file_module_x86_id_112.html]
[c9x.me/x86/html/file_module_x86_id_113.html]
[c9x.me/x86/html/file_module_x86_id_114.html]
[c9x.me/x86/html/file_module_x86_id_115.html]
[c9x.me/x86/html/file_module_x86_id_116.html]
[c9x.me/x86/html/file_module_x86_id_117.html]
[c9x.me/x86/html/file_module_x86_id_118.html]
[c9x.me/x86/html/file_module_x86_id_119.html]
[c9x.me/x86/html/file_module_x86_id_120.html]
[c9x.me/x86/html/file_module_x86_id_121.html]
[c9x.me/x86/html/file_module_x86_id_122.html]
[c9x.me/x86/html/file_module_x86_id_123.html]
[c9x.me/x86/html/file_module_x86_id_124.html]
[c9x.me/x86/html/file_module_x86_id_125.html]
[c9x.me/x86/html/file_module_x86_id_126.html]
[c9x.me/x86/html/file_module_x86_id_127.html]
[c9x.me/x86/html/file_module_x86_id_128.html]
[c9x.me/x86/html/file_module_x86_id_129.html]
[c9x.me/x86/html/file_module_x86_id_130.html]
[c9x.me/x86/html/file_module_x86_id_131.html]
[c9x.me/x86/html/file_module_x86_id_132.html]
[c9x.me/x86/html/file_module_x86_id_133.html]
[c9x.me/x86/html/file_module_x86_id_134.html]
[c9x.me/x86/html/file_module_x86_id_135.html]
[c9x.me/x86/html/file_module_x86_id_136.html]
[c9x.me/x86/html/file_module_x86_id_137.html]
[c9x.me/x86/html/file_module_x86_id_138.html]
[c9x.me/x86/html/file_module_x86_id_139.html]
[c9x.me/x86/html/file_module_x86_id_140.html]
[c9x.me/x86/html/file_module_x86_id_141.html]
[c9x.me/x86/html/file_module_x86_id_142.html]
[c9x.me/x86/html/file_module_x86_id_143.html]
[c9x.me/x86/html/file_module_x86_id_144.html]
[c9x.me/x86/html/file_module_x86_id_145.html]
[c9x.me/x86/html/file_module_x86_id_146.html]
[c9x.me/x86/html/file_module_x86_id_147.html]
[c9x.me/x86/html/file_module_x86_id_148.html]
[c9x.me/x86/html/file_module_x86_id_149.html]
[c9x.me/x86/html/file_module_x86_id_150.html]
[c9x.me/x86/html/file_module_x86_id_151.html]
[c9x.me/x86/html/file_module_x86_id_152.html]
[c9x.me/x86/html/file_module_x86_id_153.html]
[c9x.me/x86/html/file_module_x86_id_154.html]
[c9x.me/x86/html/file_module_x86_id_155.html]
[c9x.me/x86/html/file_module_x86_id_156.html]
[c9x.me/x86/html/file_module_x86_id_157.html]
[c9x.me/x86/html/file_module_x86_id_158.html]
[c9x.me/x86/html/file_module_x86_id_159.html]
[c9x.me/x86/html/file_module_x86_id_160.html]
[c9x.me/x86/html/file_module_x86_id_161.html]
[c9x.me/x86/html/file_module_x86_id_162.html]
[c9x.me/x86/html/file_module_x86_id_163.html]
[c9x.me/x86/html/file_module_x86_id_164.html]
[c9x.me/x86/html/file_module_x86_id_165.html]
[c9x.me/x86/html/file_module_x86_id_166.html]
[c9x.me/x86/html/file_module_x86_id_167.html]
[c9x.me/x86/html/file_module_x86_id_168.html]
[c9x.me/x86/html/file_module_x86_id_169.html]
[c9x.me/x86/html/file_module_x86_id_170.html]
[c9x.me/x86/html/file_module_x86_id_171.html]
[c9x.me/x86/html/file_module_x86_id_172.html]
[c9x.me/x86/html/file_module_x86_id_173.html]
[c9x.me/x86/html/file_module_x86_id_174.html]
[c9x.me/x86/html/file_module_x86_id_175.html]
[c9x.me/x86/html/file_module_x86_id_176.html]
[c9x.me/x86/html/file_module_x86_id_177.html]
[c9x.me/x86/html/file_module_x86_id_178.html]
[c9x.me/x86/html/file_module_x86_id_179.html]
[c9x.me/x86/html/file_module_x86_id_180.html]
[c9x.me/x86/html/file_module_x86_id_181.html]
[c9x.me/x86/html/file_module_x86_id_182.html]
[c9x.me/x86/html/file_module_x86_id_183.html]
[c9x.me/x86/html/file_module_x86_id_184.html]
[c9x.me/x86/html/file_module_x86_id_185.html]
[c9x.me/x86/html/file_module_x86_id_186.html]
[c9x.me/x86/html/file_module_x86_id_187.html]
[c9x.me/x86/html/file_module_x86_id_188.html]
[c9x.me/x86/html/file_module_x86_id_189.html]
[c9x.me/x86/html/file_module_x86_id_190.html]
[c9x.me/x86/html/file_module_x86_id_191.html]
[c9x.me/x86/html/file_module_x86_id_192.html]
[c9x.me/x86/html/file_module_x86_id_193.html]
[c9x.me/x86/html/file_module_x86_id_194.html]
[c9x.me/x86/html/file_module_x86_id_195.html]
[c9x.me/x86/html/file_module_x86_id_196.html]
[c9x.me/x86/html/file_module_x86_id_197.html]
[c9x.me/x86/html/file_module_x86_id_198.html]
[c9x.me/x86/html/file_module_x86_id_199.html]
[c9x.me/x86/html/file_module_x86_id_200.html]
[c9x.me/x86/html/file_module_x86_id_201.html]
[c9x.me/x86/html/file_module_x86_id_202.html]
[c9x.me/x86/html/file_module_x86_id_203.html]
[c9x.me/x86/html/file_module_x86_id_204.html]
[c9x.me/x86/html/file_module_x86_id_205.html]
[c9x.me/x86/html/file_module_x86_id_206.html]
[c9x.me/x86/html/file_module_x86_id_207.html]
[c9x.me/x86/html/file_module_x86_id_208.html]
[c9x.me/x86/html/file_module_x86_id_209.html]
[c9x.me/x86/html/file_module_x86_id_210.html]
[c9x.me/x86/html/file_module_x86_id_211.html]
[c9x.me/x86/html/file_module_x86_id_212.html]
[c9x.me/x86/html/file_module_x86_id_213.html]
[c9x.me/x86/html/file_module_x86_id_214.html]
[c9x.me/x86/html/file_module_x86_id_215.html]
[c9x.me/x86/html/file_module_x86_id_216.html]
[c9x.me/x86/html/file_module_x86_id_217.html]
[c9x.me/x86/html/file_module_x86_id_218.html]
[c9x.me/x86/html/file_module_x86_id_219.html]
[c9x.me/x86/html/file_module_x86_id_220.html]
[c9x.me/x86/html/file_module_x86_id_221.html]
[c9x.me/x86/html/file_module_x86_id_222.html]
[c9x.me/x86/html/file_module_x86_id_223.html]
[c9x.me/x86/html/file_module_x86_id_224.html]
[c9x.me/x86/html/file_module_x86_id_225.html]
[c9x.me/x86/html/file_module_x86_id_226.html]
[c9x.me/x86/html/file_module_x86_id_227.html]
[c9x.me/x86/html/file_module_x86_id_228.html]
[c9x.me/x86/html/file_module_x86_id_229.html]
[c9x.me/x86/html/file_module_x86_id_230.html]
[c9x.me/x86/html/file_module_x86_id_231.html]
[c9x.me/x86/html/file_module_x86_id_232.html]
[c9x.me/x86/html/file_module_x86_id_233.html]
[c9x.me/x86/html/file_module_x86_id_234.html]
[c9x.me/x86/html/file_module_x86_id_235.html]
[c9x.me/x86/html/file_module_x86_id_236.html]
[c9x.me/x86/html/file_module_x86_id_237.html]
[c9x.me/x86/html/file_module_x86_id_238.html]
[c9x.me/x86/html/file_module_x86_id_239.html]
[c9x.me/x86/html/file_module_x86_id_240.html]
[c9x.me/x86/html/file_module_x86_id_241.html]
[c9x.me/x86/html/file_module_x86_id_242.html]
[c9x.me/x86/html/file_module_x86_id_243.html]
[c9x.me/x86/html/file_module_x86_id_244.html]
[c9x.me/x86/html/file_module_x86_id_245.html]
[c9x.me/x86/html/file_module_x86_id_246.html]
[c9x.me/x86/html/file_module_x86_id_247.html]
[c9x.me/x86/html/file_module_x86_id_248.html]
[c9x.me/x86/html/file_module_x86_id_249.html]
[c9x.me/x86/html/file_module_x86_id_250.html]
[c9x.me/x86/html/file_module_x86_id_251.html]
[c9x.me/x86/html/file_module_x86_id_252.html]
[c9x.me/x86/html/file_module_x86_id_253.html]
[c9x.me/x86/html/file_module_x86_id_254.html]
[c9x.me/x86/html/file_module_x86_id_255.html]
[c9x.me/x86/html/file_module_x86_id_256.html]
[c9x.me/x86/html/file_module_x86_id_257.html]
[c9x.me/x86/html/file_module_x86_id_258.html]
[c9x.me/x86/html/file_module_x86_id_259.html]
[c9x.me/x86/html/file_module_x86_id_260.html]
[c9x.me/x86/html/file_module_x86_id_261.html]
[c9x.me/x86/html/file_module_x86_id_262.html]
[c9x.me/x86/html/file_module_x86_id_263.html]
[c9x.me/x86/html/file_module_x86_id_264.html]
[c9x.me/x86/html/file_module_x86_id_265.html]
[c9x.me/x86/html/file_module_x86_id_266.html]
[c9x.me/x86/html/file_module_x86_id_267.html]
[c9x.me/x86/html/file_module_x86_id_268.html]
[c9x.me/x86/html/file_module_x86_id_269.html]
[c9x.me/x86/html/file_module_x86_id_270.html]
[c9x.me/x86/html/file_module_x86_id_271.html]
[c9x.me/x86/html/file_module_x86_id_272.html]
[c9x.me/x86/html/file_module_x86_id_273.html]
[c9x.me/x86/html/file_module_x86_id_274.html]
[c9x.me/x86/html/file_module_x86_id_275.html]
[c9x.me/x86/html/file_module_x86_id_276.html]
[c9x.me/x86/html/file_module_x86_id_277.html]
[c9x.me/x86/html/file_module_x86_id_278.html]
[c9x.me/x86/html/file_module_x86_id_279.html]
[c9x.me/x86/html/file_module_x86_id_280.html]
[c9x.me/x86/html/file_module_x86_id_281.html]
[c9x.me/x86/html/file_module_x86_id_282.html]
[c9x.me/x86/html/file_module_x86_id_283.html]
[c9x.me/x86/html/file_module_x86_id_284.html]
[c9x.me/x86/html/file_module_x86_id_285.html]
[c9x.me/x86/html/file_module_x86_id_286.html]
[c9x.me/x86/html/file_module_x86_id_287.html]
[c9x.me/x86/html/file_module_x86_id_288.html]
[c9x.me/x86/html/file_module_x86_id_289.html]
[c9x.me/x86/html/file_module_x86_id_290.html]
[c9x.me/x86/html/file_module_x86_id_291.html]
[c9x.me/x86/html/file_module_x86_id_292.html]
[c9x.me/x86/html/file_module_x86_id_293.html]
[c9x.me/x86/html/file_module_x86_id_294.html]
[c9x.me/x86/html/file_module_x86_id_295.html]
[c9x.me/x86/html/file_module_x86_id_296.html]
[c9x.me/x86/html/file_module_x86_id_297.html]
[c9x.me/x86/html/file_module_x86_id_298.html]
[c9x.me/x86/html/file_module_x86_id_299.html]
[c9x.me/x86/html/file_module_x86_id_300.html]
[c9x.me/x86/html/file_module_x86_id_301.html]
[c9x.me/x86/html/file_module_x86_id_302.html]
[c9x.me/x86/html/file_module_x86_id_303.html]
[c9x.me/x86/html/file_module_x86_id_304.html]
[c9x.me/x86/html/file_module_x86_id_305.html]
[c9x.me/x86/html/file_module_x86_id_306.html]
[c9x.me/x86/html/file_module_x86_id_307.html]
[c9x.me/x86/html/file_module_x86_id_308.html]
[c9x.me/x86/html/file_module_x86_id_309.html]
[c9x.me/x86/html/file_module_x86_id_310.html]
[c9x.me/x86/html/file_module_x86_id_311.html]
[c9x.me/x86/html/file_module_x86_id_312.html]
[c9x.me/x86/html/file_module_x86_id_313.html]
[c9x.me/x86/html/file_module_x86_id_314.html]
[c9x.me/x86/html/file_module_x86_id_315.html]
[c9x.me/x86/html/file_module_x86_id_316.html]
[c9x.me/x86/html/file_module_x86_id_317.html]
[c9x.me/x86/html/file_module_x86_id_318.html]
[c9x.me/x86/html/file_module_x86_id_319.html]
[c9x.me/x86/html/file_module_x86_id_320.html]
[c9x.me/x86/html/file_module_x86_id_321.html]
[c9x.me/x86/html/file_module_x86_id_322.html]
[c9x.me/x86/html/file_module_x86_id_323.html]
[c9x.me/x86/html/file_module_x86_id_324.html]
[c9x.me/x86/html/file_module_x86_id_325.html]
[c9x.me/x86/html/file_module_x86_id_326.html]
[c9x.me/x86/html/file_module_x86_id_327.html]
[c9x.me/x86/html/file_module_x86_id_328.html]
[c9x.me/x86/html/file_module_x86_id_329.html]
[c9x.me/x86/html/file_module_x86_id_330.html]
[c9x.me/x86/html/file_module_x86_id_331.html]
[c9x.me/x86/html/file_module_x86_id_332.html]
